Component: ARM Compiler 5.06 update 6 (build 750) Tool: armlink [4d35ed]

==============================================================================

Section Cross References

    delay.o(i.delay_init) refers to misc.o(i.SysTick_CLKSourceConfig) for SysTick_CLKSourceConfig
    delay.o(i.delay_init) refers to system_stm32f10x.o(.data) for SystemCoreClock
    delay.o(i.delay_init) refers to delay.o(.data) for fac_us
    delay.o(i.delay_ms) refers to delay.o(.data) for fac_ms
    delay.o(i.delay_us) refers to delay.o(.data) for fac_us
    fifo.o(i.FIFO_In_Byte) refers to fifo.o(i.FIFO_Is_Full) for FIFO_Is_Full
    fifo.o(i.FIFO_Out_Byte) refers to fifo.o(i.FIFO_Is_Empty) for FIFO_Is_Empty
    fifo.o(i.FIFO_Out_Byte) refers to fifo.o(i.FIFO_Is_Full) for FIFO_Is_Full
    fifo.o(i.FIFO_Out_Bytes) refers to fifo.o(i.FIFO_Out_Byte) for FIFO_Out_Byte
    sys.o(i.MY_NVIC_Init) refers to sys.o(i.MY_NVIC_PriorityGroup_Config) for MY_NVIC_PriorityGroup_Config
    sys.o(i.MY_NVIC_Init) refers to misc.o(i.NVIC_Init) for NVIC_Init
    sys.o(i.MY_NVIC_PriorityGroup_Config) refers to misc.o(i.NVIC_PriorityGroupConfig) for NVIC_PriorityGroupConfig
    sys.o(i.MY_RCC_DeInit) refers to sys.o(i.MY_NVIC_SetVectorTable) for MY_NVIC_SetVectorTable
    sys.o(i.STM32_CPUID) refers to _printf_pad.o(.text) for _printf_pre_padding
    sys.o(i.STM32_CPUID) refers to _printf_percent.o(.ARM.Collect$$_printf_percent$$00000000) for _printf_percent
    sys.o(i.STM32_CPUID) refers to _printf_x.o(.ARM.Collect$$_printf_percent$$0000000C) for _printf_x
    sys.o(i.STM32_CPUID) refers to _printf_hex_int.o(.text) for _printf_longlong_hex
    sys.o(i.STM32_CPUID) refers to noretval__2sprintf.o(.text) for __2sprintf
    sys.o(i.STM32_GPIOx_Init) refers to stm32f10x_rcc.o(i.RCC_APB2PeriphClockCmd) for RCC_APB2PeriphClockCmd
    sys.o(i.STM32_GPIOx_Init) refers to stm32f10x_gpio.o(i.GPIO_Init) for GPIO_Init
    sys.o(i.STM_Clock_Init) refers to sys.o(i.MY_RCC_DeInit) for MY_RCC_DeInit
    sys.o(i.SYS_Standby) refers to sys.o(i.WFI_SET) for WFI_SET
    usart1.o(.rev16_text) refers (Special) to use_no_semi_2.o(.text) for __use_no_semihosting
    usart1.o(.revsh_text) refers (Special) to use_no_semi_2.o(.text) for __use_no_semihosting
    usart1.o(.rrx_text) refers (Special) to use_no_semi_2.o(.text) for __use_no_semihosting
    usart1.o(i.USART1_IRQHandler) refers (Special) to use_no_semi_2.o(.text) for __use_no_semihosting
    usart1.o(i.USART1_IRQHandler) refers to stm32f10x_usart.o(i.USART_GetITStatus) for USART_GetITStatus
    usart1.o(i.USART1_IRQHandler) refers to stm32f10x_usart.o(i.USART_ReceiveData) for USART_ReceiveData
    usart1.o(i.USART1_IRQHandler) refers to fifo.o(i.FIFO_In_Byte) for FIFO_In_Byte
    usart1.o(i.USART1_IRQHandler) refers to usart1.o(.data) for current
    usart1.o(i.USART1_IRQHandler) refers to usart1.o(.bss) for usart1_rx_fifo
    usart1.o(i.Usart1_Init) refers (Special) to use_no_semi_2.o(.text) for __use_no_semihosting
    usart1.o(i.Usart1_Init) refers to stm32f10x_rcc.o(i.RCC_APB2PeriphClockCmd) for RCC_APB2PeriphClockCmd
    usart1.o(i.Usart1_Init) refers to stm32f10x_gpio.o(i.GPIO_Init) for GPIO_Init
    usart1.o(i.Usart1_Init) refers to misc.o(i.NVIC_Init) for NVIC_Init
    usart1.o(i.Usart1_Init) refers to stm32f10x_usart.o(i.USART_Init) for USART_Init
    usart1.o(i.Usart1_Init) refers to stm32f10x_usart.o(i.USART_ITConfig) for USART_ITConfig
    usart1.o(i.Usart1_Init) refers to fifo.o(i.FIFO_Init) for FIFO_Init
    usart1.o(i.Usart1_Init) refers to stm32f10x_usart.o(i.USART_Cmd) for USART_Cmd
    usart1.o(i.Usart1_Init) refers to usart1.o(.bss) for usart1_rx_fifo
    usart1.o(i._sys_exit) refers (Special) to use_no_semi_2.o(.text) for __use_no_semihosting
    usart1.o(i.fputc) refers (Special) to use_no_semi_2.o(.text) for __use_no_semihosting
    usart1.o(.bss) refers (Special) to use_no_semi_2.o(.text) for __use_no_semihosting
    usart1.o(.data) refers (Special) to use_no_semi_2.o(.text) for __use_no_semihosting
    usart3.o(i.USART3_IRQHandler) refers to stm32f10x_usart.o(i.USART_GetITStatus) for USART_GetITStatus
    usart3.o(i.USART3_IRQHandler) refers to stm32f10x_usart.o(i.USART_ReceiveData) for USART_ReceiveData
    usart3.o(i.USART3_IRQHandler) refers to fifo.o(i.FIFO_In_Byte) for FIFO_In_Byte
    usart3.o(i.USART3_IRQHandler) refers to usart3.o(.data) for current
    usart3.o(i.USART3_IRQHandler) refers to usart3.o(.bss) for usart3_rx_fifo
    usart3.o(i.usart3_init) refers to stm32f10x_rcc.o(i.RCC_APB1PeriphClockCmd) for RCC_APB1PeriphClockCmd
    usart3.o(i.usart3_init) refers to stm32f10x_rcc.o(i.RCC_APB2PeriphClockCmd) for RCC_APB2PeriphClockCmd
    usart3.o(i.usart3_init) refers to stm32f10x_gpio.o(i.GPIO_Init) for GPIO_Init
    usart3.o(i.usart3_init) refers to misc.o(i.NVIC_Init) for NVIC_Init
    usart3.o(i.usart3_init) refers to stm32f10x_usart.o(i.USART_Init) for USART_Init
    usart3.o(i.usart3_init) refers to stm32f10x_usart.o(i.USART_ITConfig) for USART_ITConfig
[...]
    i.RCC_APB2PeriphClockCmd                 0x080016ac   Section        0  stm32f10x_rcc.o(i.RCC_APB2PeriphClockCmd)
    i.RCC_BackupResetCmd                     0x080016cc   Section        0  stm32f10x_rcc.o(i.RCC_BackupResetCmd)
    i.RCC_GetClocksFreq                      0x080016d8   Section        0  stm32f10x_rcc.o(i.RCC_GetClocksFreq)
    i.RCC_GetFlagStatus                      0x080017ac   Section        0  stm32f10x_rcc.o(i.RCC_GetFlagStatus)
    i.RCC_LSEConfig                          0x080017e8   Section        0  stm32f10x_rcc.o(i.RCC_LSEConfig)
    i.RCC_RTCCLKCmd                          0x0800181c   Section        0  stm32f10x_rcc.o(i.RCC_RTCCLKCmd)
    i.RCC_RTCCLKConfig                       0x08001828   Section        0  stm32f10x_rcc.o(i.RCC_RTCCLKConfig)
    i.RTC_ClearITPendingBit                  0x08001838   Section        0  stm32f10x_rtc.o(i.RTC_ClearITPendingBit)
    i.RTC_EnterConfigMode                    0x08001848   Section        0  stm32f10x_rtc.o(i.RTC_EnterConfigMode)
    i.RTC_ExitConfigMode                     0x0800185c   Section        0  stm32f10x_rtc.o(i.RTC_ExitConfigMode)
    i.RTC_Get                                0x08001870   Section        0  rtc.o(i.RTC_Get)
    i.RTC_GetCounter                         0x08001970   Section        0  stm32f10x_rtc.o(i.RTC_GetCounter)
    i.RTC_GetITStatus                        0x08001984   Section        0  stm32f10x_rtc.o(i.RTC_GetITStatus)
    i.RTC_Get_Week                           0x080019a8   Section        0  rtc.o(i.RTC_Get_Week)
    i.RTC_IRQHandler                         0x08001a20   Section        0  rtc.o(i.RTC_IRQHandler)
    i.RTC_ITConfig                           0x08001b80   Section        0  stm32f10x_rtc.o(i.RTC_ITConfig)
    i.RTC_Init                               0x08001ba0   Section        0  rtc.o(i.RTC_Init)
    i.RTC_NVIC_Config                        0x08001c74   Section        0  rtc.o(i.RTC_NVIC_Config)
    RTC_NVIC_Config                          0x08001c75   Thumb Code    32  rtc.o(i.RTC_NVIC_Config)
    i.RTC_Set                                0x08001c94   Section        0  rtc.o(i.RTC_Set)
    i.RTC_SetCounter                         0x08001d5c   Section        0  stm32f10x_rtc.o(i.RTC_SetCounter)
    i.RTC_SetPrescaler                       0x08001d78   Section        0  stm32f10x_rtc.o(i.RTC_SetPrescaler)
    i.RTC_WaitForLastTask                    0x08001d98   Section        0  stm32f10x_rtc.o(i.RTC_WaitForLastTask)
    i.RTC_WaitForSynchro                     0x08001dac   Section        0  stm32f10x_rtc.o(i.RTC_WaitForSynchro)
    i.Relay_Init                             0x08001dd0   Section        0  realy.o(i.Relay_Init)
    i.SendAtCmd                              0x08001e1c   Section        0  hal_wifitocloud.o(i.SendAtCmd)
    i.SendStrLen                             0x08001e38   Section        0  hal_wifitocloud.o(i.SendStrLen)
    i.SetBits                                0x08001e48   Section        0  74hc595.o(i.SetBits)
    i.SetSysClock                            0x08001e68   Section        0  system_stm32f10x.o(i.SetSysClock)
    SetSysClock                              0x08001e69   Thumb Code     8  system_stm32f10x.o(i.SetSysClock)
    i.SetSysClockTo72                        0x08001e70   Section        0  system_stm32f10x.o(i.SetSysClockTo72)
    SetSysClockTo72                          0x08001e71   Thumb Code   214  system_stm32f10x.o(i.SetSysClockTo72)
    i.SysTick_CLKSourceConfig                0x08001f50   Section        0  misc.o(i.SysTick_CLKSourceConfig)
    i.SystemInit                             0x08001f78   Section        0  system_stm32f10x.o(i.SystemInit)
    i.TEMP_LIGHT_Init                        0x08001fd8   Section        0  temp_light.o(i.TEMP_LIGHT_Init)
    i.TIM6_Init                              0x08002048   Section        0  timer.o(i.TIM6_Init)
    i.TIM7_IRQHandler                        0x08002080   Section        0  timer7.o(i.TIM7_IRQHandler)
    i.TIM7_Init                              0x080020fc   Section        0  timer7.o(i.TIM7_Init)
    i.TIM_ClearITPendingBit                  0x0800215c   Section        0  stm32f10x_tim.o(i.TIM_ClearITPendingBit)
    i.TIM_Cmd                                0x08002162   Section        0  stm32f10x_tim.o(i.TIM_Cmd)
    i.TIM_GetITStatus                        0x0800217a   Section        0  stm32f10x_tim.o(i.TIM_GetITStatus)
    i.TIM_ITConfig                           0x0800219c   Section        0  stm32f10x_tim.o(i.TIM_ITConfig)
    i.TIM_TimeBaseInit                       0x080021b0   Section        0  stm32f10x_tim.o(i.TIM_TimeBaseInit)
    i.UART4_IRQHandler                       0x08002254   Section        0  uart4.o(i.UART4_IRQHandler)
    i.UART4_SendStrlen                       0x080022b4   Section        0  uart4.o(i.UART4_SendStrlen)
    i.UART5_IRQHandler                       0x080022e4   Section        0  uart5.o(i.UART5_IRQHandler)
    i.UART5_Init                             0x08002310   Section        0  uart5.o(i.UART5_Init)
    i.USART1_IRQHandler                      0x080023c0   Section        0  usart1.o(i.USART1_IRQHandler)
    i.USART3_IRQHandler                      0x08002420   Section        0  usart3.o(i.USART3_IRQHandler)
    i.USART_Cmd                              0x08002454   Section        0  stm32f10x_usart.o(i.USART_Cmd)
    i.USART_GetFlagStatus                    0x0800246c   Section        0  stm32f10x_usart.o(i.USART_GetFlagStatus)
    i.USART_GetITStatus                      0x08002486   Section        0  stm32f10x_usart.o(i.USART_GetITStatus)
    i.USART_ITConfig                         0x080024da   Section        0  stm32f10x_usart.o(i.USART_ITConfig)
    i.USART_Init                             0x08002524   Section        0  stm32f10x_usart.o(i.USART_Init)
    i.USART_ReceiveData                      0x080025fc   Section        0  stm32f10x_usart.o(i.USART_ReceiveData)
    i.USART_SendData                         0x08002606   Section        0  stm32f10x_usart.o(i.USART_SendData)
    i.Usart1_Init                            0x08002610   Section        0  usart1.o(i.Usart1_Init)
    i._is_digit                              0x080026b8   Section        0  __printf_wp.o(i._is_digit)
    i._sys_exit                              0x080026c6   Section        0  usart1.o(i._sys_exit)
    i.calculateResValue                      0x080026cc   Section        0  temp_light.o(i.calculateResValue)
    i.calculateTemperature                   0x08002740   Section        0  temp_light.o(i.calculateTemperature)
    i.cloud_process                          0x080027b4   Section        0  main.o(i.cloud_process)
    i.connect_cloud_process                  0x08002878   Section        0  main.o(i.connect_cloud_process)
    i.delay_init                             0x080028d0   Section        0  delay.o(i.delay_init)
    i.delay_ms                               0x08002914   Section        0  delay.o(i.delay_ms)
    i.delay_us                               0x08002960   Section        0  delay.o(i.delay_us)
    i.digital_tube_process                   0x080029ac   Section        0  main.o(i.digital_tube_process)
    i.disableCSx                             0x08002a88   Section        0  lcd12864.o(i.disableCSx)
    i.disableLCD                             0x08002aac   Section        0  lcd12864.o(i.disableLCD)
    i.door_OFF                               0x08002abc   Section        0  realy.o(i.door_OFF)
    i.door_ON                                0x08002af4   Section        0  realy.o(i.door_ON)
    i.enableBL                               0x08002b28   Section        0  lcd12864.o(i.enableBL)
    i.enableCSx                              0x08002b38   Section        0  lcd12864.o(i.enableCSx)
    i.enableCmd                              0x08002b5c   Section        0  lcd12864.o(i.enableCmd)
    i.enableData                             0x08002b6c   Section        0  lcd12864.o(i.enableData)
    i.enableLCD                              0x08002b7c   Section        0  lcd12864.o(i.enableLCD)
    i.enableRead                             0x08002b8c   Section        0  lcd12864.o(i.enableRead)
    i.enableWrite                            0x08002b9c   Section        0  lcd12864.o(i.enableWrite)
    i.fputc                                  0x08002bac   Section        0  usart1.o(i.fputc)
    i.hc595_out_for_int                      0x08002bc8   Section        0  74hc595.o(i.hc595_out_for_int)
    i.is_csX                                 0x08002c70   Section        0  lcd12864.o(i.is_csX)
    i.key_process                            0x08002c84   Section        0  main.o(i.key_process)
    i.latern_OFF                             0x08002cc0   Section        0  realy.o(i.latern_OFF)
    i.latern_ON                              0x08002cf8   Section        0  realy.o(i.latern_ON)
    i.lcd_clr                                0x08002d30   Section        0  lcd12864.o(i.lcd_clr)
    i.lcd_gpio_init                          0x08002d7c   Section        0  lcd12864.o(i.lcd_gpio_init)
    i.lcd_init                               0x08002e20   Section        0  lcd12864.o(i.lcd_init)
    i.lcd_set_dsp_position                   0x08002e80   Section        0  lcd12864.o(i.lcd_set_dsp_position)
    i.lcd_writeLenthChar                     0x08002eb6   Section        0  lcd12864.o(i.lcd_writeLenthChar)
    i.lcd_writeOneChar                       0x08002f0c   Section        0  lcd12864.o(i.lcd_writeOneChar)
    i.lcd_write_cmd                          0x08002f78   Section        0  lcd12864.o(i.lcd_write_cmd)
    i.lcd_write_data                         0x08002fdc   Section        0  lcd12864.o(i.lcd_write_data)
    i.led_scan                               0x08003040   Section        0  digital_tube.o(i.led_scan)
    i.main                                   0x080030a8   Section        0  main.o(i.main)
    i.rtc_process                            0x0800313c   Section        0  main.o(i.rtc_process)
    i.setDataWrite                           0x08003178   Section        0  lcd12864.o(i.setDataWrite)
    i.set_led_dispbuf                        0x080031d0   Section        0  digital_tube.o(i.set_led_dispbuf)
    i.uart4_init                             0x080031f8   Section        0  uart4.o(i.uart4_init)
    x$fpl$d2f                                0x080032a8   Section       98  d2f.o(x$fpl$d2f)
    x$fpl$dadd                               0x0800330c   Section      336  daddsub_clz.o(x$fpl$dadd)
    _dadd1                                   0x0800331d   Thumb Code     0  daddsub_clz.o(x$fpl$dadd)
    x$fpl$ddiv                               0x0800345c   Section      688  ddiv.o(x$fpl$ddiv)
    ddiv_entry                               0x08003463   Thumb Code     0  ddiv.o(x$fpl$ddiv)
    x$fpl$dfixu                              0x0800370c   Section       90  dfixu.o(x$fpl$dfixu)
    x$fpl$dfltu                              0x08003766   Section       38  dflt_clz.o(x$fpl$dfltu)
    x$fpl$dmul                               0x0800378c   Section      340  dmul.o(x$fpl$dmul)
    x$fpl$dnaninf                            0x080038e0   Section      156  dnaninf.o(x$fpl$dnaninf)
    x$fpl$dretinf                            0x0800397c   Section       12  dretinf.o(x$fpl$dretinf)
    x$fpl$drsb                               0x08003988   Section       22  daddsub_clz.o(x$fpl$drsb)
    x$fpl$dsub                               0x080039a0   Section      468  daddsub_clz.o(x$fpl$dsub)
    _dsub1                                   0x080039b1   Thumb Code     0  daddsub_clz.o(x$fpl$dsub)
    x$fpl$f2d                                0x08003b74   Section       86  f2d.o(x$fpl$f2d)
    x$fpl$fnaninf                            0x08003bca   Section      140  fnaninf.o(x$fpl$fnaninf)
    x$fpl$fretinf                            0x08003c56   Section       10  fretinf.o(x$fpl$fretinf)
    .constdata                               0x08003c60   Section      564  temp_light.o(.constdata)
    x$fpl$usenofp                            0x08003c60   Section        0  usenofp.o(x$fpl$usenofp)
    .constdata                               0x08003e94   Section       24  rtc.o(.constdata)
    .constdata                               0x08003eac   Section       40  digital_tube.o(.constdata)
    .constdata                               0x08003ed4   Section       17  __printf_flags_wp.o(.constdata)
    maptable                                 0x08003ed4   Data          17  __printf_flags_wp.o(.constdata)
    .data                                    0x20000000   Section        4  delay.o(.data)
    fac_us                                   0x20000000   Data           1  delay.o(.data)
    fac_ms                                   0x20000002   Data           2  delay.o(.data)
    .data                                    0x20000004   Section       10  usart1.o(.data)
    former                                   0x2000000c   Data           1  usart1.o(.data)
    current                                  0x2000000d   Data           1  usart1.o(.data)
    .data                                    0x2000000e   Section        2  usart3.o(.data)
    current                                  0x2000000f   Data           1  usart3.o(.data)
    .data                                    0x20000010   Section        6  main.o(.data)
    .data                                    0x20000016   Section        2  realy.o(.data)
    .data                                    0x20000018   Section        3  key.o(.data)
    key_pressed                              0x20000018   Data           1  key.o(.data)
    key_state                                0x20000019   Data           1  key.o(.data)
    last_key                                 0x2000001a   Data           1  key.o(.data)
    .data                                    0x2000001b   Section        1  temp_light.o(.data)
    .data                                    0x2000001c   Section        2  rtc.o(.data)
    daycnt                                   0x2000001c   Data           2  rtc.o(.data)
    .data                                    0x2000001e   Section        9  digital_tube.o(.data)
    Scom                                     0x2000001e   Data           1  digital_tube.o(.data)
    .data                                    0x20000027   Section        3  uart4.o(.data)
    former                                   0x20000028   Data           1  uart4.o(.data)
    current                                  0x20000029   Data           1  uart4.o(.data)
    .data                                    0x2000002a   Section     3568  lcd12864.o(.data)
    .data                                    0x20000e1a   Section       20  stm32f10x_rcc.o(.data)
    APBAHBPrescTable                         0x20000e1a   Data          16  stm32f10x_rcc.o(.data)
    ADCPrescTable                            0x20000e2a   Data           4  stm32f10x_rcc.o(.data)
    .data                                    0x20000e30   Section       20  system_stm32f10x.o(.data)
    .bss                                     0x20000e44   Section      518  usart1.o(.bss)
    .bss                                     0x2000104a   Section      518  usart3.o(.bss)
    .bss                                     0x20001250   Section      518  uart5.o(.bss)
    .bss                                     0x20001456   Section       10  rtc.o(.bss)
    .bss                                     0x20001460   Section      518  uart4.o(.bss)
    .bss                                     0x20001668   Section       96  libspace.o(.bss)
    HEAP                                     0x200016c8   Section      512  startup_stm32f10x_hd.o(HEAP)
    Heap_Mem                                 0x200016c8   Data         512  startup_stm32f10x_hd.o(HEAP)
    STACK                                    0x200018c8   Section     1024  startup_stm32f10x_hd.o(STACK)
    Stack_Mem                                0x200018c8   Data        1024  startup_stm32f10x_hd.o(STACK)
    __initial_sp                             0x20001cc8   Data           0  startup_stm32f10x_hd.o(STACK)

    Global Symbols

    Symbol Name                              Value     Ov Type        Size  Object(Section)

    BuildAttributes$$THM_ISAv4$P$D$K$B$S$PE$A:L22UL41UL21$X:L11$S22US41US21$IEEE1$IW$USESV6$~STKCKD$USESV7$~SHL$OSPACE$ROPI$EBA8$UX$STANDARDLIB$REQ8$PRES8$EABIv2 0x00000000   Number         0  anon$$obj.o ABSOLUTE
    __ARM_use_no_argv                        0x00000000   Number         0  main.o ABSOLUTE
    _printf_flags                            0x00000000   Number         0  printf_stubs.o ABSOLUTE
    _printf_return_value                     0x00000000   Number         0  printf_stubs.o ABSOLUTE
    _printf_sizespec                         0x00000000   Number         0  printf_stubs.o ABSOLUTE
    _printf_widthprec                        0x00000000   Number         0  printf_stubs.o ABSOLUTE
    __ARM_exceptions_init                     - Undefined Weak Reference
    __alloca_initialize                       - Undefined Weak Reference
    __arm_preinit_                            - Undefined Weak Reference
    __cpp_initialize__aeabi_                  - Undefined Weak Reference
    __cxa_finalize                            - Undefined Weak Reference
    __rt_locale                               - Undefined Weak Reference
    __sigvec_lookup                           - Undefined Weak Reference
    _atexit_init                              - Undefined Weak Reference
    _call_atexit_fns                          - Undefined Weak Reference
    _clock_init                               - Undefined Weak Reference
    _fp_trap_init                             - Undefined Weak Reference
    _fp_trap_shutdown                         - Undefined Weak Reference
    _get_lc_collate                           - Undefined Weak Reference
    _get_lc_ctype                             - Undefined Weak Reference
    _get_lc_monetary                          - Undefined Weak Reference
    _get_lc_numeric                           - Undefined Weak Reference
    _get_lc_time                              - Undefined Weak Reference
    _getenv_init                              - Undefined Weak Reference
    _handle_redirection                       - Undefined Weak Reference
    _init_alloc                               - Undefined Weak Reference
    _init_user_alloc                          - Undefined Weak Reference
    _initio                                   - Undefined Weak Reference
    _mutex_acquire                            - Undefined Weak Reference
    _mutex_release                            - Undefined Weak Reference
    _printf_mbtowc                            - Undefined Weak Reference
    _printf_truncate_signed                   - Undefined Weak Reference
    _printf_truncate_unsigned                 - Undefined Weak Reference
    _rand_init                                - Undefined Weak Reference
    _signal_finish                            - Undefined Weak Reference
    _signal_init                              - Undefined Weak Reference
    _terminate_alloc                          - Undefined Weak Reference
    _terminate_user_alloc                     - Undefined Weak Reference
    _terminateio                              - Undefined Weak Reference
    __Vectors_Size                           0x00000130   Number         0  startup_stm32f10x_hd.o ABSOLUTE
    __Vectors                                0x08000000   Data           4  startup_stm32f10x_hd.o(RESET)
    __Vectors_End                            0x08000130   Data           0  startup_stm32f10x_hd.o(RESET)
    __main                                   0x08000131   Thumb Code     8  __main.o(!!!main)
    __scatterload                            0x08000139   Thumb Code     0  __scatter.o(!!!scatter)
    __scatterload_rt2                        0x08000139   Thumb Code    44  __scatter.o(!!!scatter)
    __scatterload_rt2_thumb_only             0x08000139   Thumb Code     0  __scatter.o(!!!scatter)
    __scatterload_null                       0x08000147   Thumb Code     0  __scatter.o(!!!scatter)
    __decompress                             0x0800016d   Thumb Code    90  __dczerorl2.o(!!dczerorl2)
    __decompress1                            0x0800016d   Thumb Code     0  __dczerorl2.o(!!dczerorl2)
    __scatterload_zeroinit                   0x080001c9   Thumb Code    28  __scatter_zi.o(!!handler_zi)
    _printf_d                                0x080001e5   Thumb Code     0  _printf_d.o(.ARM.Collect$$_printf_percent$$00000009)
    _printf_percent                          0x080001e5   Thumb Code     0  _printf_percent.o(.ARM.Collect$$_printf_percent$$00000000)
    _printf_s                                0x080001eb   Thumb Code     0  _printf_s.o(.ARM.Collect$$_printf_percent$$00000014)
    _printf_percent_end                      0x080001f1   Thumb Code     0  _printf_percent_end.o(.ARM.Collect$$_printf_percent$$00000017)
    __rt_lib_init                            0x080001f5   Thumb Code     0  libinit.o(.ARM.Collect$$libinit$$00000000)
    __rt_lib_init_alloca_1                   0x080001f7   Thumb Code     0  libinit2.o(.ARM.Collect$$libinit$$0000002E)
    __rt_lib_init_argv_1                     0x080001f7   Thumb Code     0  libinit2.o(.ARM.Collect$$libinit$$0000002C)
    __rt_lib_init_atexit_1                   0x080001f7   Thumb Code     0  libinit2.o(.ARM.Collect$$libinit$$0000001B)
    __rt_lib_init_clock_1                    0x080001f7   Thumb Code     0  libinit2.o(.ARM.Collect$$libinit$$00000021)
    __rt_lib_init_cpp_1                      0x080001f7   Thumb Code     0  libinit2.o(.ARM.Collect$$libinit$$00000032)
    __rt_lib_init_exceptions_1               0x080001f7   Thumb Code     0  libinit2.o(.ARM.Collect$$libinit$$00000030)
    __rt_lib_init_fp_1                       0x080001f7   Thumb Code     0  libinit2.o(.ARM.Collect$$libinit$$00000002)
    __rt_lib_init_fp_trap_1                  0x080001f7   Thumb Code     0  libinit2.o(.ARM.Collect$$libinit$$0000001F)
    __rt_lib_init_getenv_1                   0x080001f7   Thumb Code     0  libinit2.o(.ARM.Collect$$libinit$$00000023)
    __rt_lib_init_heap_1                     0x080001f7   Thumb Code     0  libinit2.o(.ARM.Collect$$libinit$$0000000A)
    __rt_lib_init_lc_collate_1               0x080001f7   Thumb Code     0  libinit2.o(.ARM.Collect$$libinit$$00000011)
    __rt_lib_init_lc_ctype_1                 0x080001f7   Thumb Code     0  libinit2.o(.ARM.Collect$$libinit$$00000013)
    __rt_lib_init_lc_monetary_1              0x080001f7   Thumb Code     0  libinit2.o(.ARM.Collect$$libinit$$00000015)
    __rt_lib_init_lc_numeric_1               0x080001f7   Thumb Code     0  libinit2.o(.ARM.Collect$$libinit$$00000017)
    __rt_lib_init_lc_time_1                  0x080001f7   Thumb Code     0  libinit2.o(.ARM.Collect$$libinit$$00000019)
    __rt_lib_init_preinit_1                  0x080001f7   Thumb Code     0  libinit2.o(.ARM.Collect$$libinit$$00000004)
    __rt_lib_init_rand_1                     0x080001f7   Thumb Code     0  libinit2.o(.ARM.Collect$$libinit$$0000000E)
    __rt_lib_init_return                     0x080001f7   Thumb Code     0  libinit2.o(.ARM.Collect$$libinit$$00000033)
    __rt_lib_init_signal_1                   0x080001f7   Thumb Code     0  libinit2.o(.ARM.Collect$$libinit$$0000001D)
    __rt_lib_init_stdio_1                    0x080001f7   Thumb Code     0  libinit2.o(.ARM.Collect$$libinit$$00000025)
    __rt_lib_init_user_alloc_1               0x080001f7   Thumb Code     0  libinit2.o(.ARM.Collect$$libinit$$0000000C)
    __rt_lib_shutdown                        0x080001f9   Thumb Code     0  libshutdown.o(.ARM.Collect$$libshutdown$$00000000)
    __rt_lib_shutdown_cpp_1                  0x080001fb   Thumb Code     0  libshutdown2.o(.ARM.Collect$$libshutdown$$00000002)
    __rt_lib_shutdown_fp_trap_1              0x080001fb   Thumb Code     0  libshutdown2.o(.ARM.Collect$$libshutdown$$00000007)
    __rt_lib_shutdown_heap_1                 0x080001fb   Thumb Code     0  libshutdown2.o(.ARM.Collect$$libshutdown$$0000000F)
    __rt_lib_shutdown_return                 0x080001fb   Thumb Code     0  libshutdown2.o(.ARM.Collect$$libshutdown$$00000010)
    __rt_lib_shutdown_signal_1               0x080001fb   Thumb Code     0  libshutdown2.o(.ARM.Collect$$libshutdown$$0000000A)
    __rt_lib_shutdown_stdio_1                0x080001fb   Thumb Code     0  libshutdown2.o(.ARM.Collect$$libshutdown$$00000004)
    __rt_lib_shutdown_user_alloc_1           0x080001fb   Thumb Code     0  libshutdown2.o(.ARM.Collect$$libshutdown$$0000000C)
    __rt_entry                               0x080001fd   Thumb Code     0  __rtentry.o(.ARM.Collect$$rtentry$$00000000)
    __rt_entry_presh_1                       0x080001fd   Thumb Code     0  __rtentry2.o(.ARM.Collect$$rtentry$$00000002)
    __rt_entry_sh                            0x080001fd   Thumb Code     0  __rtentry4.o(.ARM.Collect$$rtentry$$00000004)
    __rt_entry_li                            0x08000203   Thumb Code     0  __rtentry2.o(.ARM.Collect$$rtentry$$0000000A)
    __rt_entry_postsh_1                      0x08000203   Thumb Code     0  __rtentry2.o(.ARM.Collect$$rtentry$$00000009)
    __rt_entry_main                          0x08000207   Thumb Code     0  __rtentry2.o(.ARM.Collect$$rtentry$$0000000D)
    __rt_entry_postli_1                      0x08000207   Thumb Code     0  __rtentry2.o(.ARM.Collect$$rtentry$$0000000C)
    __rt_exit                                0x0800020f   Thumb Code     0  rtexit.o(.ARM.Collect$$rtexit$$00000000)
    __rt_exit_ls                             0x08000211   Thumb Code     0  rtexit2.o(.ARM.Collect$$rtexit$$00000003)
    __rt_exit_prels_1                        0x08000211   Thumb Code     0  rtexit2.o(.ARM.Collect$$rtexit$$00000002)
    __rt_exit_exit                           0x08000215   Thumb Code     0  rtexit2.o(.ARM.Collect$$rtexit$$00000004)
    Reset_Handler                            0x0800021d   Thumb Code     8  startup_stm32f10x_hd.o(.text)
    NMI_Handler                              0x08000225   Thumb Code     2  startup_stm32f10x_hd.o(.text)
    HardFault_Handler                        0x08000227   Thumb Code     2  startup_stm32f10x_hd.o(.text)
    MemManage_Handler                        0x08000229   Thumb Code     2  startup_stm32f10x_hd.o(.text)
    BusFault_Handler                         0x0800022b   Thumb Code     2  startup_stm32f10x_hd.o(.text)
    UsageFault_Handler                       0x0800022d   Thumb Code     2  startup_stm32f10x_hd.o(.text)
    SVC_Handler                              0x0800022f   Thumb Code     2  startup_stm32f10x_hd.o(.text)
    DebugMon_Handler                         0x08000231   Thumb Code     2  startup_stm32f10x_hd.o(.text)
    PendSV_Handler                           0x08000233   Thumb Code     2  startup_stm32f10x_hd.o(.text)
    SysTick_Handler                          0x08000235   Thumb Code     2  startup_stm32f10x_hd.o(.text)
    ADC1_2_IRQHandler                        0x08000237   Thumb Code     0  startup_stm32f10x_hd.o(.text)
    ADC3_IRQHandler                          0x08000237   Thumb Code     0  startup_stm32f10x_hd.o(.text)
    CAN1_RX1_IRQHandler                      0x08000237   Thumb Code     0  startup_stm32f10x_hd.o(.text)
    CAN1_SCE_IRQHandler                      0x08000237   Thumb Code     0  startup_stm32f10x_hd.o(.text)
    DMA1_Channel1_IRQHandler                 0x08000237   Thumb Code     0  startup_stm32f10x_hd.o(.text)
    DMA1_Channel2_IRQHandler                 0x08000237   Thumb Code     0  startup_stm32f10x_hd.o(.text)
    DMA1_Channel3_IRQHandler                 0x08000237   Thumb Code     0  startup_stm32f10x_hd.o(.text)
    DMA1_Channel4_IRQHandler                 0x08000237   Thumb Code     0  startup_stm32f10x_hd.o(.text)
    DMA1_Channel5_IRQHandler                 0x08000237   Thumb Code     0  startup_stm32f10x_hd.o(.text)
    DMA1_Channel6_IRQHandler                 0x08000237   Thumb Code     0  startup_stm32f10x_hd.o(.text)
    DMA1_Channel7_IRQHandler                 0x08000237   Thumb Code     0  startup_stm32f10x_hd.o(.text)
    DMA2_Channel1_IRQHandler                 0x08000237   Thumb Code     0  startup_stm32f10x_hd.o(.text)
    DMA2_Channel2_IRQHandler                 0x08000237   Thumb Code     0  startup_stm32f10x_hd.o(.text)
    DMA2_Channel3_IRQHandler                 0x08000237   Thumb Code     0  startup_stm32f10x_hd.o(.text)
    DMA2_Channel4_5_IRQHandler               0x08000237   Thumb Code     0  startup_stm32f10x_hd.o(.text)
    EXTI0_IRQHandler                         0x08000237   Thumb Code     0  startup_stm32f10x_hd.o(.text)
    EXTI15_10_IRQHandler                     0x08000237   Thumb Code     0  startup_stm32f10x_hd.o(.text)
    EXTI1_IRQHandler                         0x08000237   Thumb Code     0  startup_stm32f10x_hd.o(.text)
    EXTI2_IRQHandler                         0x08000237   Thumb Code     0  startup_stm32f10x_hd.o(.text)
    EXTI3_IRQHandler                         0x08000237   Thumb Code     0  startup_stm32f10x_hd.o(.text)
    EXTI4_IRQHandler                         0x08000237   Thumb Code     0  startup_stm32f10x_hd.o(.text)
    EXTI9_5_IRQHandler                       0x08000237   Thumb Code     0  startup_stm32f10x_hd.o(.text)
    FLASH_IRQHandler                         0x08000237   Thumb Code     0  startup_stm32f10x_hd.o(.text)
    FSMC_IRQHandler                          0x08000237   Thumb Code     0  startup_stm32f10x_hd.o(.text)
    I2C1_ER_IRQHandler                       0x08000237   Thumb Code     0  startup_stm32f10x_hd.o(.text)
    I2C1_EV_IRQHandler                       0x08000237   Thumb Code     0  startup_stm32f10x_hd.o(.text)
    I2C2_ER_IRQHandler                       0x08000237   Thumb Code     0  startup_stm32f10x_hd.o(.text)
    I2C2_EV_IRQHandler                       0x08000237   Thumb Code     0  startup_stm32f10x_hd.o(.text)
    PVD_IRQHandler                           0x08000237   Thumb Code     0  startup_stm32f10x_hd.o(.text)
    RCC_IRQHandler                           0x08000237   Thumb Code     0  startup_stm32f10x_hd.o(.text)
    RTCAlarm_IRQHandler                      0x08000237   Thumb Code     0  startup_stm32f10x_hd.o(.text)
    SDIO_IRQHandler                          0x08000237   Thumb Code     0  startup_stm32f10x_hd.o(.text)
    SPI1_IRQHandler                          0x08000237   Thumb Code     0  startup_stm32f10x_hd.o(.text)
    SPI2_IRQHandler                          0x08000237   Thumb Code     0  startup_stm32f10x_hd.o(.text)
    SPI3_IRQHandler                          0x08000237   Thumb Code     0  startup_stm32f10x_hd.o(.text)
    TAMPER_IRQHandler                        0x08000237   Thumb Code     0  startup_stm32f10x_hd.o(.text)
    TIM1_BRK_IRQHandler                      0x08000237   Thumb Code     0  startup_stm32f10x_hd.o(.text)
    TIM1_CC_IRQHandler                       0x08000237   Thumb Code     0  startup_stm32f10x_hd.o(.text)
    TIM1_TRG_COM_IRQHandler                  0x08000237   Thumb Code     0  startup_stm32f10x_hd.o(.text)
    TIM1_UP_IRQHandler                       0x08000237   Thumb Code     0  startup_stm32f10x_hd.o(.text)
    TIM2_IRQHandler                          0x08000237   Thumb Code     0  startup_stm32f10x_hd.o(.text)
    TIM3_IRQHandler                          0x08000237   Thumb Code     0  startup_stm32f10x_hd.o(.text)
    TIM4_IRQHandler                          0x08000237   Thumb Code     0  startup_stm32f10x_hd.o(.text)
    TIM5_IRQHandler                          0x08000237   Thumb Code     0  startup_stm32f10x_hd.o(.text)
    TIM6_IRQHandler                          0x08000237   Thumb Code     0  startup_stm32f10x_hd.o(.text)
    TIM8_BRK_IRQHandler                      0x08000237   Thumb Code     0  startup_stm32f10x_hd.o(.text)
    TIM8_CC_IRQHandler                       0x08000237   Thumb Code     0  startup_stm32f10x_hd.o(.text)
    TIM8_TRG_COM_IRQHandler                  0x08000237   Thumb Code     0  startup_stm32f10x_hd.o(.text)
    TIM8_UP_IRQHandler                       0x08000237   Thumb Code     0  startup_stm32f10x_hd.o(.text)
    USART2_IRQHandler                        0x08000237   Thumb Code     0  startup_stm32f10x_hd.o(.text)
    USBWakeUp_IRQHandler                     0x08000237   Thumb Code     0  startup_stm32f10x_hd.o(.text)
    USB_HP_CAN1_TX_IRQHandler                0x08000237   Thumb Code     0  startup_stm32f10x_hd.o(.text)
    USB_LP_CAN1_RX0_IRQHandler               0x08000237   Thumb Code     0  startup_stm32f10x_hd.o(.text)
    WWDG_IRQHandler                          0x08000237   Thumb Code     0  startup_stm32f10x_hd.o(.text)
    __user_initial_stackheap                 0x08000239   Thumb Code     0  startup_stm32f10x_hd.o(.text)
    __use_no_semihosting                     0x0800025d   Thumb Code     2  use_no_semi_2.o(.text)
    __2printf                                0x08000261   Thumb Code    20  noretval__2printf.o(.text)
    __2sprintf                               0x08000279   Thumb Code    34  noretval__2sprintf.o(.text)
    _printf_str                              0x080002a1   Thumb Code    82  _printf_str.o(.text)
    _printf_int_dec                          0x080002f5   Thumb Code   104  _printf_dec.o(.text)
    __printf                                 0x0800036d   Thumb Code   308  __printf_flags_wp.o(.text)
    strstr                                   0x080004a5   Thumb Code    36  strstr.o(.text)
    strlen                                   0x080004c9   Thumb Code    62  strlen.o(.text)
    __aeabi_memcpy                           0x08000507   Thumb Code     0  rt_memcpy_v6.o(.text)
    __rt_memcpy                              0x08000507   Thumb Code   138  rt_memcpy_v6.o(.text)
    _memcpy_lastbytes                        0x0800056d   Thumb Code     0  rt_memcpy_v6.o(.text)
    __aeabi_memclr4                          0x08000591   Thumb Code     0  rt_memclr_w.o(.text)
    __aeabi_memclr8                          0x08000591   Thumb Code     0  rt_memclr_w.o(.text)
    __rt_memclr_w                            0x08000591   Thumb Code    78  rt_memclr_w.o(.text)
    _memset_w                                0x08000595   Thumb Code     0  rt_memclr_w.o(.text)
    __use_two_region_memory                  0x080005df   Thumb Code     2  heapauxi.o(.text)
    __rt_heap_escrow$2region                 0x080005e1   Thumb Code     2  heapauxi.o(.text)
    __rt_heap_expand$2region                 0x080005e3   Thumb Code     2  heapauxi.o(.text)
    __I$use$semihosting                      0x080005e5   Thumb Code     0  use_no_semi.o(.text)
    __use_no_semihosting_swi                 0x080005e5   Thumb Code     2  use_no_semi.o(.text)
    _printf_int_common                       0x080005e7   Thumb Code   178  _printf_intcommon.o(.text)
    _printf_char_common                      0x080006a3   Thumb Code    32  _printf_char_common.o(.text)
    _sputc                                   0x080006c9   Thumb Code    10  _sputc.o(.text)
    _printf_cs_common                        0x080006d3   Thumb Code    20  _printf_char.o(.text)
    _printf_char                             0x080006e7   Thumb Code    16  _printf_char.o(.text)
    _printf_string                           0x080006f7   Thumb Code     8  _printf_char.o(.text)
    _printf_char_file                        0x08000701   Thumb Code    32  _printf_char_file.o(.text)
    __aeabi_memcpy4                          0x08000725   Thumb Code     0  rt_memcpy_w.o(.text)
    __aeabi_memcpy8                          0x08000725   Thumb Code     0  rt_memcpy_w.o(.text)
    __rt_memcpy_w                            0x08000725   Thumb Code   100  rt_memcpy_w.o(.text)
    _memcpy_lastbytes_aligned                0x0800076d   Thumb Code     0  rt_memcpy_w.o(.text)
    ferror                                   0x08000789   Thumb Code     8  ferror.o(.text)
    __user_setup_stackheap                   0x08000791   Thumb Code    74  sys_stackheap_outer.o(.text)
    exit                                     0x080007db   Thumb Code    18  exit.o(.text)
    __user_libspace                          0x080007ed   Thumb Code     8  libspace.o(.text)
    __user_perproc_libspace                  0x080007ed   Thumb Code     0  libspace.o(.text)
    __user_perthread_libspace                0x080007ed   Thumb Code     0  libspace.o(.text)
    ADC_Cmd                                  0x080007f5   Thumb Code    22  stm32f10x_adc.o(i.ADC_Cmd)
    ADC_GetCalibrationStatus                 0x0800080b   Thumb Code    20  stm32f10x_adc.o(i.ADC_GetCalibrationStatus)
    ADC_GetConversionValue                   0x0800081f   Thumb Code     8  stm32f10x_adc.o(i.ADC_GetConversionValue)
    ADC_GetFlagStatus                        0x08000827   Thumb Code    18  stm32f10x_adc.o(i.ADC_GetFlagStatus)
    ADC_GetResetCalibrationStatus            0x08000839   Thumb Code    20  stm32f10x_adc.o(i.ADC_GetResetCalibrationStatus)
    ADC_Init                                 0x0800084d   Thumb Code    70  stm32f10x_adc.o(i.ADC_Init)
    ADC_RegularChannelConfig                 0x0800089d   Thumb Code   184  stm32f10x_adc.o(i.ADC_RegularChannelConfig)
    ADC_ResetCalibration                     0x08000955   Thumb Code    10  stm32f10x_adc.o(i.ADC_ResetCalibration)
    ADC_SoftwareStartConvCmd                 0x0800095f   Thumb Code    22  stm32f10x_adc.o(i.ADC_SoftwareStartConvCmd)
    ADC_StartCalibration                     0x08000975   Thumb Code    10  stm32f10x_adc.o(i.ADC_StartCalibration)
    BKP_DeInit                               0x0800097f   Thumb Code    16  stm32f10x_bkp.o(i.BKP_DeInit)
    BKP_ReadBackupRegister                   0x08000991   Thumb Code    24  stm32f10x_bkp.o(i.BKP_ReadBackupRegister)
    BKP_WriteBackupRegister                  0x080009ad   Thumb Code    22  stm32f10x_bkp.o(i.BKP_WriteBackupRegister)
    ConnectToServer                          0x080009c9   Thumb Code   274  wifitocloud.o(i.ConnectToServer)
    ESP8266_DataAnalysisProcess              0x08000bad   Thumb Code   114  wifitocloud.o(i.ESP8266_DataAnalysisProcess)
    ESP8266_GetIpData                        0x08000c8d   Thumb Code    88  wifitocloud.o(i.ESP8266_GetIpData)
    ESP8266_IpSend                           0x08000d19   Thumb Code   176  wifitocloud.o(i.ESP8266_IpSend)
    ESP8266_IpStart                          0x08000e01   Thumb Code   116  wifitocloud.o(i.ESP8266_IpStart)
    ESP8266_SendSensor                       0x08000ea5   Thumb Code   126  wifitocloud.o(i.ESP8266_SendSensor)
    ESP8266_SetAP                            0x08000f71   Thumb Code   172  wifitocloud.o(i.ESP8266_SetAP)
    ESP8266_SetStation                       0x08001085   Thumb Code    96  wifitocloud.o(i.ESP8266_SetStation)
    FIFO_In_Byte                             0x08001121   Thumb Code    76  fifo.o(i.FIFO_In_Byte)
    FIFO_Init                                0x0800116d   Thumb Code    16  fifo.o(i.FIFO_Init)
    FIFO_Is_Empty                            0x0800117d   Thumb Code    22  fifo.o(i.FIFO_Is_Empty)
    FIFO_Is_Full                             0x08001193   Thumb Code     8  fifo.o(i.FIFO_Is_Full)
    FIFO_Out_Byte                            0x0800119b   Thumb Code    78  fifo.o(i.FIFO_Out_Byte)
    FIFO_Out_Bytes                           0x080011e9   Thumb Code    76  fifo.o(i.FIFO_Out_Bytes)
    GPIO_Configuration                       0x08001235   Thumb Code    46  temp_light.o(i.GPIO_Configuration)
    GPIO_Init                                0x08001269   Thumb Code   278  stm32f10x_gpio.o(i.GPIO_Init)
    GPIO_ReadInputData                       0x0800137f   Thumb Code     8  stm32f10x_gpio.o(i.GPIO_ReadInputData)
    GPIO_ReadInputDataBit                    0x08001387   Thumb Code    18  stm32f10x_gpio.o(i.GPIO_ReadInputDataBit)
    GPIO_ResetBits                           0x08001399   Thumb Code     4  stm32f10x_gpio.o(i.GPIO_ResetBits)
    GPIO_SetBits                             0x0800139d   Thumb Code     4  stm32f10x_gpio.o(i.GPIO_SetBits)
    GPIO_Write                               0x080013a1   Thumb Code     4  stm32f10x_gpio.o(i.GPIO_Write)
    GPIO_WriteBit                            0x080013a5   Thumb Code    10  stm32f10x_gpio.o(i.GPIO_WriteBit)
    GetADC                                   0x080013b1   Thumb Code    46  temp_light.o(i.GetADC)
    GetADC_Time                              0x080013e5   Thumb Code    40  temp_light.o(i.GetADC_Time)
    GetTemp                                  0x0800140d   Thumb Code    36  temp_light.o(i.GetTemp)
    HC595_GpioInit                           0x08001445   Thumb Code    66  74hc595.o(i.HC595_GpioInit)
    HC_InitGpioToOutput                      0x08001491   Thumb Code    32  74hc595.o(i.HC_InitGpioToOutput)
    InitGpioToOutput                         0x080014b1   Thumb Code    32  lcd12864.o(i.InitGpioToOutput)
    Is_Leap_Year                             0x080014d1   Thumb Code    58  rtc.o(i.Is_Leap_Year)
    KEY1                                     0x0800150d   Thumb Code    14  key.o(i.KEY1)
    KEY2                                     0x08001521   Thumb Code    14  key.o(i.KEY2)
    Key_Scan                                 0x08001535   Thumb Code    96  key.o(i.Key_Scan)
    LF125K_init                              0x0800159d   Thumb Code    66  lf125k.o(i.LF125K_init)
    NVIC_Init                                0x080015e5   Thumb Code   100  misc.o(i.NVIC_Init)
    NVIC_PriorityGroupConfig                 0x08001655   Thumb Code    10  misc.o(i.NVIC_PriorityGroupConfig)
    PWR_BackupAccessCmd                      0x08001669   Thumb Code     6  stm32f10x_pwr.o(i.PWR_BackupAccessCmd)
    RCC_ADCCLKConfig                         0x08001675   Thumb Code    18  stm32f10x_rcc.o(i.RCC_ADCCLKConfig)
    RCC_APB1PeriphClockCmd                   0x0800168d   Thumb Code    26  stm32f10x_rcc.o(i.RCC_APB1PeriphClockCmd)
    RCC_APB2PeriphClockCmd                   0x080016ad   Thumb Code    26  stm32f10x_rcc.o(i.RCC_APB2PeriphClockCmd)
    RCC_BackupResetCmd                       0x080016cd   Thumb Code     6  stm32f10x_rcc.o(i.RCC_BackupResetCmd)
    RCC_GetClocksFreq                        0x080016d9   Thumb Code   192  stm32f10x_rcc.o(i.RCC_GetClocksFreq)
    RCC_GetFlagStatus                        0x080017ad   Thumb Code    56  stm32f10x_rcc.o(i.RCC_GetFlagStatus)
    RCC_LSEConfig                            0x080017e9   Thumb Code    46  stm32f10x_rcc.o(i.RCC_LSEConfig)
    RCC_RTCCLKCmd                            0x0800181d   Thumb Code     6  stm32f10x_rcc.o(i.RCC_RTCCLKCmd)
    RCC_RTCCLKConfig                         0x08001829   Thumb Code    12  stm32f10x_rcc.o(i.RCC_RTCCLKConfig)
    RTC_ClearITPendingBit                    0x08001839   Thumb Code    12  stm32f10x_rtc.o(i.RTC_ClearITPendingBit)
    RTC_EnterConfigMode                      0x08001849   Thumb Code    14  stm32f10x_rtc.o(i.RTC_EnterConfigMode)
    RTC_ExitConfigMode                       0x0800185d   Thumb Code    16  stm32f10x_rtc.o(i.RTC_ExitConfigMode)
    RTC_Get                                  0x08001871   Thumb Code   240  rtc.o(i.RTC_Get)
    RTC_GetCounter                           0x08001971   Thumb Code    16  stm32f10x_rtc.o(i.RTC_GetCounter)
    RTC_GetITStatus                          0x08001985   Thumb Code    32  stm32f10x_rtc.o(i.RTC_GetITStatus)
    RTC_Get_Week                             0x080019a9   Thumb Code   116  rtc.o(i.RTC_Get_Week)
    RTC_IRQHandler                           0x08001a21   Thumb Code   244  rtc.o(i.RTC_IRQHandler)
    RTC_ITConfig                             0x08001b81   Thumb Code    26  stm32f10x_rtc.o(i.RTC_ITConfig)
    RTC_Init                                 0x08001ba1   Thumb Code   212  rtc.o(i.RTC_Init)
    RTC_Set                                  0x08001c95   Thumb Code   184  rtc.o(i.RTC_Set)
    RTC_SetCounter                           0x08001d5d   Thumb Code    24  stm32f10x_rtc.o(i.RTC_SetCounter)
    RTC_SetPrescaler                         0x08001d79   Thumb Code    26  stm32f10x_rtc.o(i.RTC_SetPrescaler)
    RTC_WaitForLastTask                      0x08001d99   Thumb Code    16  stm32f10x_rtc.o(i.RTC_WaitForLastTask)
    RTC_WaitForSynchro                       0x08001dad   Thumb Code    30  stm32f10x_rtc.o(i.RTC_WaitForSynchro)
    Relay_Init                               0x08001dd1   Thumb Code    68  realy.o(i.Relay_Init)
    SendAtCmd                                0x08001e1d   Thumb Code    24  hal_wifitocloud.o(i.SendAtCmd)
    SendStrLen                               0x08001e39   Thumb Code    16  hal_wifitocloud.o(i.SendStrLen)
    SetBits                                  0x08001e49   Thumb Code    32  74hc595.o(i.SetBits)
    SysTick_CLKSourceConfig                  0x08001f51   Thumb Code    40  misc.o(i.SysTick_CLKSourceConfig)
    SystemInit                               0x08001f79   Thumb Code    78  system_stm32f10x.o(i.SystemInit)
    TEMP_LIGHT_Init                          0x08001fd9   Thumb Code   108  temp_light.o(i.TEMP_LIGHT_Init)
    TIM6_Init                                0x08002049   Thumb Code    50  timer.o(i.TIM6_Init)
    TIM7_IRQHandler                          0x08002081   Thumb Code   106  timer7.o(i.TIM7_IRQHandler)
    TIM7_Init                                0x080020fd   Thumb Code    92  timer7.o(i.TIM7_Init)
    TIM_ClearITPendingBit                    0x0800215d   Thumb Code     6  stm32f10x_tim.o(i.TIM_ClearITPendingBit)
    TIM_Cmd                                  0x08002163   Thumb Code    24  stm32f10x_tim.o(i.TIM_Cmd)
    TIM_GetITStatus                          0x0800217b   Thumb Code    34  stm32f10x_tim.o(i.TIM_GetITStatus)
    TIM_ITConfig                             0x0800219d   Thumb Code    18  stm32f10x_tim.o(i.TIM_ITConfig)
    TIM_TimeBaseInit                         0x080021b1   Thumb Code   122  stm32f10x_tim.o(i.TIM_TimeBaseInit)
    UART4_IRQHandler                         0x08002255   Thumb Code    74  uart4.o(i.UART4_IRQHandler)
    UART4_SendStrlen                         0x080022b5   Thumb Code    44  uart4.o(i.UART4_SendStrlen)
    UART5_IRQHandler                         0x080022e5   Thumb Code    34  uart5.o(i.UART5_IRQHandler)
    UART5_Init                               0x08002311   Thumb Code   160  uart5.o(i.UART5_Init)
    USART1_IRQHandler                        0x080023c1   Thumb Code    74  usart1.o(i.USART1_IRQHandler)
    USART3_IRQHandler                        0x08002421   Thumb Code    38  usart3.o(i.USART3_IRQHandler)
    USART_Cmd                                0x08002455   Thumb Code    24  stm32f10x_usart.o(i.USART_Cmd)
    USART_GetFlagStatus                      0x0800246d   Thumb Code    26  stm32f10x_usart.o(i.USART_GetFlagStatus)
    USART_GetITStatus                        0x08002487   Thumb Code    84  stm32f10x_usart.o(i.USART_GetITStatus)
    USART_ITConfig                           0x080024db   Thumb Code    74  stm32f10x_usart.o(i.USART_ITConfig)
    USART_Init                               0x08002525   Thumb Code   210  stm32f10x_usart.o(i.USART_Init)
    USART_ReceiveData                        0x080025fd   Thumb Code    10  stm32f10x_usart.o(i.USART_ReceiveData)
    USART_SendData                           0x08002607   Thumb Code     8  stm32f10x_usart.o(i.USART_SendData)
    Usart1_Init                              0x08002611   Thumb Code   156  usart1.o(i.Usart1_Init)
    _is_digit                                0x080026b9   Thumb Code    14  __printf_wp.o(i._is_digit)
    _sys_exit                                0x080026c7   Thumb Code     4  usart1.o(i._sys_exit)
    calculateResValue                        0x080026cd   Thumb Code   104  temp_light.o(i.calculateResValue)
    calculateTemperature                     0x08002741   Thumb Code   112  temp_light.o(i.calculateTemperature)
    cloud_process                            0x080027b5   Thumb Code   112  main.o(i.cloud_process)
    connect_cloud_process                    0x08002879   Thumb Code    22  main.o(i.connect_cloud_process)
    delay_init                               0x080028d1   Thumb Code    50  delay.o(i.delay_init)
    delay_ms                                 0x08002915   Thumb Code    72  delay.o(i.delay_ms)
    delay_us                                 0x08002961   Thumb Code    72  delay.o(i.delay_us)
    digital_tube_process                     0x080029ad   Thumb Code   216  main.o(i.digital_tube_process)
    disableCSx                               0x08002a89   Thumb Code    30  lcd12864.o(i.disableCSx)
    disableLCD                               0x08002aad   Thumb Code    12  lcd12864.o(i.disableLCD)
    door_OFF                                 0x08002abd   Thumb Code    28  realy.o(i.door_OFF)
    door_ON                                  0x08002af5   Thumb Code    28  realy.o(i.door_ON)
    enableBL                                 0x08002b29   Thumb Code    12  lcd12864.o(i.enableBL)
    enableCSx                                0x08002b39   Thumb Code    30  lcd12864.o(i.enableCSx)
    enableCmd                                0x08002b5d   Thumb Code    12  lcd12864.o(i.enableCmd)
    enableData                               0x08002b6d   Thumb Code    12  lcd12864.o(i.enableData)
    enableLCD                                0x08002b7d   Thumb Code    12  lcd12864.o(i.enableLCD)
    enableRead                               0x08002b8d   Thumb Code    12  lcd12864.o(i.enableRead)
    enableWrite                              0x08002b9d   Thumb Code    12  lcd12864.o(i.enableWrite)
    fputc                                    0x08002bad   Thumb Code    24  usart1.o(i.fputc)
    hc595_out_for_int                        0x08002bc9   Thumb Code   158  74hc595.o(i.hc595_out_for_int)
    is_csX                                   0x08002c71   Thumb Code    18  lcd12864.o(i.is_csX)
    key_process                              0x08002c85   Thumb Code    50  main.o(i.key_process)
    latern_OFF                               0x08002cc1   Thumb Code    28  realy.o(i.latern_OFF)
    latern_ON                                0x08002cf9   Thumb Code    28  realy.o(i.latern_ON)
    lcd_clr                                  0x08002d31   Thumb Code    74  lcd12864.o(i.lcd_clr)
    lcd_gpio_init                            0x08002d7d   Thumb Code   154  lcd12864.o(i.lcd_gpio_init)
    lcd_init                                 0x08002e21   Thumb Code    90  lcd12864.o(i.lcd_init)
    lcd_set_dsp_position                     0x08002e81   Thumb Code    54  lcd12864.o(i.lcd_set_dsp_position)
    lcd_writeLenthChar                       0x08002eb7   Thumb Code    84  lcd12864.o(i.lcd_writeLenthChar)
    lcd_writeOneChar                         0x08002f0d   Thumb Code   102  lcd12864.o(i.lcd_writeOneChar)
    lcd_write_cmd                            0x08002f79   Thumb Code    94  lcd12864.o(i.lcd_write_cmd)
    lcd_write_data                           0x08002fdd   Thumb Code    94  lcd12864.o(i.lcd_write_data)
    led_scan                                 0x08003041   Thumb Code    86  digital_tube.o(i.led_scan)
    main                                     0x080030a9   Thumb Code   140  main.o(i.main)
    rtc_process                              0x0800313d   Thumb Code    44  main.o(i.rtc_process)
    setDataWrite                             0x08003179   Thumb Code    84  lcd12864.o(i.setDataWrite)
    set_led_dispbuf                          0x080031d1   Thumb Code    34  digital_tube.o(i.set_led_dispbuf)
    uart4_init                               0x080031f9   Thumb Code   164  uart4.o(i.uart4_init)
    __aeabi_d2f                              0x080032a9   Thumb Code     0  d2f.o(x$fpl$d2f)
    _d2f                                     0x080032a9   Thumb Code    98  d2f.o(x$fpl$d2f)
    __aeabi_dadd                             0x0800330d   Thumb Code     0  daddsub_clz.o(x$fpl$dadd)
    _dadd                                    0x0800330d   Thumb Code   332  daddsub_clz.o(x$fpl$dadd)
    __aeabi_ddiv                             0x0800345d   Thumb Code     0  ddiv.o(x$fpl$ddiv)
    _ddiv                                    0x0800345d   Thumb Code   552  ddiv.o(x$fpl$ddiv)
    __aeabi_d2uiz                            0x0800370d   Thumb Code     0  dfixu.o(x$fpl$dfixu)
    _dfixu                                   0x0800370d   Thumb Code    90  dfixu.o(x$fpl$dfixu)
    __aeabi_ui2d                             0x08003767   Thumb Code     0  dflt_clz.o(x$fpl$dfltu)
    _dfltu                                   0x08003767   Thumb Code    38  dflt_clz.o(x$fpl$dfltu)
    __aeabi_dmul                             0x0800378d   Thumb Code     0  dmul.o(x$fpl$dmul)
    _dmul                                    0x0800378d   Thumb Code   332  dmul.o(x$fpl$dmul)
    __fpl_dnaninf                            0x080038e1   Thumb Code   156  dnaninf.o(x$fpl$dnaninf)
    __fpl_dretinf                            0x0800397d   Thumb Code    12  dretinf.o(x$fpl$dretinf)
    __aeabi_drsub                            0x08003989   Thumb Code     0  daddsub_clz.o(x$fpl$drsb)
    _drsb                                    0x08003989   Thumb Code    22  daddsub_clz.o(x$fpl$drsb)
    __aeabi_dsub                             0x080039a1   Thumb Code     0  daddsub_clz.o(x$fpl$dsub)
    _dsub                                    0x080039a1   Thumb Code   464  daddsub_clz.o(x$fpl$dsub)
    __aeabi_f2d                              0x08003b75   Thumb Code     0  f2d.o(x$fpl$f2d)
    _f2d                                     0x08003b75   Thumb Code    86  f2d.o(x$fpl$f2d)
    __fpl_fnaninf                            0x08003bcb   Thumb Code   140  fnaninf.o(x$fpl$fnaninf)
    __fpl_fretinf                            0x08003c57   Thumb Code    10  fretinf.o(x$fpl$fretinf)
    RES_TEMP_Table                           0x08003c60   Data         564  temp_light.o(.constdata)
    __I$use$fp                               0x08003c60   Number         0  usenofp.o(x$fpl$usenofp)
    table_week                               0x08003e94   Data          12  rtc.o(.constdata)
    mon_table                                0x08003ea0   Data          12  rtc.o(.constdata)
    ledseg_tab                               0x08003eac   Data          32  digital_tube.o(.constdata)
    com_tab                                  0x08003ecc   Data           8  digital_tube.o(.constdata)
    Region$$Table$$Base                      0x08003ee8   Number         0  anon$$obj.o(Region$$Table)
    Region$$Table$$Limit                     0x08003f08   Number         0  anon$$obj.o(Region$$Table)
    usart1_Receiving                         0x20000004   Data           1  usart1.o(.data)
    __stdout                                 0x20000008   Data           4  usart1.o(.data)
    usart3_receiving                         0x2000000e   Data           1  usart3.o(.data)
    key_counter                              0x20000010   Data           2  main.o(.data)
    cloud_counter                            0x20000012   Data           2  main.o(.data)
    tube_counter                             0x20000014   Data           2  main.o(.data)
    door_status                              0x20000016   Data           1  realy.o(.data)
    latern_status                            0x20000017   Data           1  realy.o(.data)
    temp_value                               0x2000001b   Data           1  temp_light.o(.data)
    Ledbuf                                   0x2000001f   Data           8  digital_tube.o(.data)
    uart4_receiving                          0x20000027   Data           1  uart4.o(.data)
    logo2518                                 0x2000002a   Data        1024  lcd12864.o(.data)
    logo2518_2                               0x2000042a   Data        1024  lcd12864.o(.data)
    char_code_8x16                           0x2000082a   Data        1520  lcd12864.o(.data)
    SystemCoreClock                          0x20000e30   Data           4  system_stm32f10x.o(.data)
    AHBPrescTable                            0x20000e34   Data          16  system_stm32f10x.o(.data)
    usart1_rx_fifo                           0x20000e44   Data         518  usart1.o(.bss)
    usart3_rx_fifo                           0x2000104a   Data         518  usart3.o(.bss)
    uart5_rx_fifo                            0x20001250   Data         518  uart5.o(.bss)
    calendar                                 0x20001456   Data          10  rtc.o(.bss)
    uart4_rx_fifo                            0x20001460   Data         518  uart4.o(.bss)
    __libspace_start                         0x20001668   Data          96  libspace.o(.bss)
    __temporary_stack_top$libspace           0x200016c8   Data           0  libspace.o(.bss)



==============================================================================

Memory Map of the image

  Image Entry point : 0x08000131

  Load Region LR_IROM1 (Base: 0x08000000, Size: 0x00004d4c, Max: 0x00080000, ABSOLUTE, COMPRESSED[0x00004390])

    Execution Region ER_IROM1 (Exec base: 0x08000000, Load base: 0x08000000, Size: 0x00003f08, Max: 0x00080000, ABSOLUTE)

    Exec Addr    Load Addr    Size         Type   Attr      Idx    E Section Name        Object

    0x08000000   0x08000000   0x00000130   Data   RO         3672    RESET               startup_stm32f10x_hd.o
    0x08000130   0x08000130   0x00000008   Code   RO         3802  * !!!main             c_w.l(__main.o)
    0x08000138   0x08000138   0x00000034   Code   RO         4013    !!!scatter          c_w.l(__scatter.o)
    0x0800016c   0x0800016c   0x0000005a   Code   RO         4011    !!dczerorl2         c_w.l(__dczerorl2.o)
    0x080001c6   0x080001c6   0x00000002   PAD
    0x080001c8   0x080001c8   0x0000001c   Code   RO         4015    !!handler_zi        c_w.l(__scatter_zi.o)
    0x080001e4   0x080001e4   0x00000000   Code   RO         3787    .ARM.Collect$$_printf_percent$$00000000  c_w.l(_printf_percent.o)
    0x080001e4   0x080001e4   0x00000006   Code   RO         3786    .ARM.Collect$$_printf_percent$$00000009  c_w.l(_printf_d.o)
    0x080001ea   0x080001ea   0x00000006   Code   RO         3784    .ARM.Collect$$_printf_percent$$00000014  c_w.l(_printf_s.o)
    0x080001f0   0x080001f0   0x00000004   Code   RO         3843    .ARM.Collect$$_printf_percent$$00000017  c_w.l(_printf_percent_end.o)
    0x080001f4   0x080001f4   0x00000002   Code   RO         3885    .ARM.Collect$$libinit$$00000000  c_w.l(libinit.o)
    0x080001f6   0x080001f6   0x00000000   Code   RO         3892    .ARM.Collect$$libinit$$00000002  c_w.l(libinit2.o)
    0x080001f6   0x080001f6   0x00000000   Code   RO         3894    .ARM.Collect$$libinit$$00000004  c_w.l(libinit2.o)
    0x080001f6   0x080001f6   0x00000000   Code   RO         3897    .ARM.Collect$$libinit$$0000000A  c_w.l(libinit2.o)
    0x080001f6   0x080001f6   0x00000000   Code   RO         3899    .ARM.Collect$$libinit$$0000000C  c_w.l(libinit2.o)
    0x080001f6   0x080001f6   0x00000000   Code   RO         3901    .ARM.Collect$$libinit$$0000000E  c_w.l(libinit2.o)
    0x080001f6   0x080001f6   0x00000000   Code   RO         3904    .ARM.Collect$$libinit$$00000011  c_w.l(libinit2.o)
    0x080001f6   0x080001f6   0x00000000   Code   RO         3906    .ARM.Collect$$libinit$$00000013  c_w.l(libinit2.o)
    0x080001f6   0x080001f6   0x00000000   Code   RO         3908    .ARM.Collect$$libinit$$00000015  c_w.l(libinit2.o)
    0x080001f6   0x080001f6   0x00000000   Code   RO         3910    .ARM.Collect$$libinit$$00000017  c_w.l(libinit2.o)
    0x080001f6   0x080001f6   0x00000000   Code   RO         3912    .ARM.Collect$$libinit$$00000019  c_w.l(libinit2.o)
    0x080001f6   0x080001f6   0x00000000   Code   RO         3914    .ARM.Collect$$libinit$$0000001B  c_w.l(libinit2.o)
    0x080001f6   0x080001f6   0x00000000   Code   RO         3916    .ARM.Collect$$libinit$$0000001D  c_w.l(libinit2.o)
    0x080001f6   0x080001f6   0x00000000   Code   RO         3918    .ARM.Collect$$libinit$$0000001F  c_w.l(libinit2.o)
    0x080001f6   0x080001f6   0x00000000   Code   RO         3920    .ARM.Collect$$libinit$$00000021  c_w.l(libinit2.o)
    0x080001f6   0x080001f6   0x00000000   Code   RO         3922    .ARM.Collect$$libinit$$00000023  c_w.l(libinit2.o)
    0x080001f6   0x080001f6   0x00000000   Code   RO         3924    .ARM.Collect$$libinit$$00000025  c_w.l(libinit2.o)
    0x080001f6   0x080001f6   0x00000000   Code   RO         3928    .ARM.Collect$$libinit$$0000002C  c_w.l(libinit2.o)
    0x080001f6   0x080001f6   0x00000000   Code   RO         3930    .ARM.Collect$$libinit$$0000002E  c_w.l(libinit2.o)
    0x080001f6   0x080001f6   0x00000000   Code   RO         3932    .ARM.Collect$$libinit$$00000030  c_w.l(libinit2.o)
    0x080001f6   0x080001f6   0x00000000   Code   RO         3934    .ARM.Collect$$libinit$$00000032  c_w.l(libinit2.o)
    0x080001f6   0x080001f6   0x00000002   Code   RO         3935    .ARM.Collect$$libinit$$00000033  c_w.l(libinit2.o)
    0x080001f8   0x080001f8   0x00000002   Code   RO         3953    .ARM.Collect$$libshutdown$$00000000  c_w.l(libshutdown.o)
    0x080001fa   0x080001fa   0x00000000   Code   RO         3963    .ARM.Collect$$libshutdown$$00000002  c_w.l(libshutdown2.o)
    0x080001fa   0x080001fa   0x00000000   Code   RO         3965    .ARM.Collect$$libshutdown$$00000004  c_w.l(libshutdown2.o)
    0x080001fa   0x080001fa   0x00000000   Code   RO         3968    .ARM.Collect$$libshutdown$$00000007  c_w.l(libshutdown2.o)
    0x080001fa   0x080001fa   0x00000000   Code   RO         3971    .ARM.Collect$$libshutdown$$0000000A  c_w.l(libshutdown2.o)
    0x080001fa   0x080001fa   0x00000000   Code   RO         3973    .ARM.Collect$$libshutdown$$0000000C  c_w.l(libshutdown2.o)
    0x080001fa   0x080001fa   0x00000000   Code   RO         3976    .ARM.Collect$$libshutdown$$0000000F  c_w.l(libshutdown2.o)
    0x080001fa   0x080001fa   0x00000002   Code   RO         3977    .ARM.Collect$$libshutdown$$00000010  c_w.l(libshutdown2.o)
    0x080001fc   0x080001fc   0x00000000   Code   RO         3832    .ARM.Collect$$rtentry$$00000000  c_w.l(__rtentry.o)
    0x080001fc   0x080001fc   0x00000000   Code   RO         3856    .ARM.Collect$$rtentry$$00000002  c_w.l(__rtentry2.o)
    0x080001fc   0x080001fc   0x00000006   Code   RO         3868    .ARM.Collect$$rtentry$$00000004  c_w.l(__rtentry4.o)
    0x08000202   0x08000202   0x00000000   Code   RO         3858    .ARM.Collect$$rtentry$$00000009  c_w.l(__rtentry2.o)
    0x08000202   0x08000202   0x00000004   Code   RO         3859    .ARM.Collect$$rtentry$$0000000A  c_w.l(__rtentry2.o)
    0x08000206   0x08000206   0x00000000   Code   RO         3861    .ARM.Collect$$rtentry$$0000000C  c_w.l(__rtentry2.o)
    0x08000206   0x08000206   0x00000008   Code   RO         3862    .ARM.Collect$$rtentry$$0000000D  c_w.l(__rtentry2.o)
    0x0800020e   0x0800020e   0x00000002   Code   RO         3889    .ARM.Collect$$rtexit$$00000000  c_w.l(rtexit.o)
    0x08000210   0x08000210   0x00000000   Code   RO         3937    .ARM.Collect$$rtexit$$00000002  c_w.l(rtexit2.o)
    0x08000210   0x08000210   0x00000004   Code   RO         3938    .ARM.Collect$$rtexit$$00000003  c_w.l(rtexit2.o)
    0x08000214   0x08000214   0x00000006   Code   RO         3939    .ARM.Collect$$rtexit$$00000004  c_w.l(rtexit2.o)
    0x0800021a   0x0800021a   0x00000002   PAD
    0x0800021c   0x0800021c   0x00000040   Code   RO         3673    .text               startup_stm32f10x_hd.o
    0x0800025c   0x0800025c   0x00000002   Code   RO         3725    .text               c_w.l(use_no_semi_2.o)
    0x0800025e   0x0800025e   0x00000002   PAD
    0x08000260   0x08000260   0x00000018   Code   RO         3731    .text               c_w.l(noretval__2printf.o)
    0x08000278   0x08000278   0x00000028   Code   RO         3733    .text               c_w.l(noretval__2sprintf.o)
    0x080002a0   0x080002a0   0x00000052   Code   RO         3739    .text               c_w.l(_printf_str.o)
    0x080002f2   0x080002f2   0x00000002   PAD
    0x080002f4   0x080002f4   0x00000078   Code   RO         3741    .text               c_w.l(_printf_dec.o)
    0x0800036c   0x0800036c   0x00000138   Code   RO         3776    .text               c_w.l(__printf_flags_wp.o)
    0x080004a4   0x080004a4   0x00000024   Code   RO         3788    .text               c_w.l(strstr.o)
    0x080004c8   0x080004c8   0x0000003e   Code   RO         3792    .text               c_w.l(strlen.o)
    0x08000506   0x08000506   0x0000008a   Code   RO         3794    .text               c_w.l(rt_memcpy_v6.o)
    0x08000590   0x08000590   0x0000004e   Code   RO         3798    .text               c_w.l(rt_memclr_w.o)
    0x080005de   0x080005de   0x00000006   Code   RO         3800    .text               c_w.l(heapauxi.o)
    0x080005e4   0x080005e4   0x00000002   Code   RO         3830    .text               c_w.l(use_no_semi.o)
    0x080005e6   0x080005e6   0x000000b2   Code   RO         3833    .text               c_w.l(_printf_intcommon.o)
    0x08000698   0x08000698   0x00000030   Code   RO         3835    .text               c_w.l(_printf_char_common.o)
    0x080006c8   0x080006c8   0x0000000a   Code   RO         3837    .text               c_w.l(_sputc.o)
    0x080006d2   0x080006d2   0x0000002c   Code   RO         3839    .text               c_w.l(_printf_char.o)
    0x080006fe   0x080006fe   0x00000002   PAD
    0x08000700   0x08000700   0x00000024   Code   RO         3841    .text               c_w.l(_printf_char_file.o)
    0x08000724   0x08000724   0x00000064   Code   RO         3844    .text               c_w.l(rt_memcpy_w.o)
    0x08000788   0x08000788   0x00000008   Code   RO         3872    .text               c_w.l(ferror.o)
    0x08000790   0x08000790   0x0000004a   Code   RO         3876    .text               c_w.l(sys_stackheap_outer.o)
    0x080007da   0x080007da   0x00000012   Code   RO         3878    .text               c_w.l(exit.o)
    0x080007ec   0x080007ec   0x00000008   Code   RO         3886    .text               c_w.l(libspace.o)
    0x080007f4   0x080007f4   0x00000016   Code   RO         2091    i.ADC_Cmd           stm32f10x_adc.o
    0x0800080a   0x0800080a   0x00000014   Code   RO         2099    i.ADC_GetCalibrationStatus  stm32f10x_adc.o
    0x0800081e   0x0800081e   0x00000008   Code   RO         2100    i.ADC_GetConversionValue  stm32f10x_adc.o
    0x08000826   0x08000826   0x00000012   Code   RO         2102    i.ADC_GetFlagStatus  stm32f10x_adc.o
    0x08000838   0x08000838   0x00000014   Code   RO         2105    i.ADC_GetResetCalibrationStatus  stm32f10x_adc.o
    0x0800084c   0x0800084c   0x00000050   Code   RO         2109    i.ADC_Init          stm32f10x_adc.o
    0x0800089c   0x0800089c   0x000000b8   Code   RO         2113    i.ADC_RegularChannelConfig  stm32f10x_adc.o
    0x08000954   0x08000954   0x0000000a   Code   RO         2114    i.ADC_ResetCalibration  stm32f10x_adc.o
    0x0800095e   0x0800095e   0x00000016   Code   RO         2116    i.ADC_SoftwareStartConvCmd  stm32f10x_adc.o
    0x08000974   0x08000974   0x0000000a   Code   RO         2118    i.ADC_StartCalibration  stm32f10x_adc.o
    0x0800097e   0x0800097e   0x00000010   Code   RO         2321    i.BKP_DeInit        stm32f10x_bkp.o
    0x0800098e   0x0800098e   0x00000002   PAD
    0x08000990   0x08000990   0x0000001c   Code   RO         2326    i.BKP_ReadBackupRegister  stm32f10x_bkp.o
    0x080009ac   0x080009ac   0x0000001c   Code   RO         2330    i.BKP_WriteBackupRegister  stm32f10x_bkp.o
    0x080009c8   0x080009c8   0x000001e4   Code   RO         1481    i.ConnectToServer   wifitocloud.o
    0x08000bac   0x08000bac   0x000000e0   Code   RO         1482    i.ESP8266_DataAnalysisProcess  wifitocloud.o
    0x08000c8c   0x08000c8c   0x0000008c   Code   RO         1483    i.ESP8266_GetIpData  wifitocloud.o
    0x08000d18   0x08000d18   0x000000e8   Code   RO         1484    i.ESP8266_IpSend    wifitocloud.o
    0x08000e00   0x08000e00   0x000000a4   Code   RO         1485    i.ESP8266_IpStart   wifitocloud.o
    0x08000ea4   0x08000ea4   0x000000cc   Code   RO         1486    i.ESP8266_SendSensor  wifitocloud.o
    0x08000f70   0x08000f70   0x00000114   Code   RO         1488    i.ESP8266_SetAP     wifitocloud.o
    0x08001084   0x08001084   0x0000009c   Code   RO         1489    i.ESP8266_SetStation  wifitocloud.o
    0x08001120   0x08001120   0x0000004c   Code   RO          111    i.FIFO_In_Byte      fifo.o
    0x0800116c   0x0800116c   0x00000010   Code   RO          112    i.FIFO_Init         fifo.o
    0x0800117c   0x0800117c   0x00000016   Code   RO          113    i.FIFO_Is_Empty     fifo.o
    0x08001192   0x08001192   0x00000008   Code   RO          114    i.FIFO_Is_Full      fifo.o
    0x0800119a   0x0800119a   0x0000004e   Code   RO          115    i.FIFO_Out_Byte     fifo.o
    0x080011e8   0x080011e8   0x0000004c   Code   RO          116    i.FIFO_Out_Bytes    fifo.o
    0x08001234   0x08001234   0x00000034   Code   RO         1159    i.GPIO_Configuration  temp_light.o
    0x08001268   0x08001268   0x00000116   Code   RO         2415    i.GPIO_Init         stm32f10x_gpio.o
    0x0800137e   0x0800137e   0x00000008   Code   RO         2418    i.GPIO_ReadInputData  stm32f10x_gpio.o
    0x08001386   0x08001386   0x00000012   Code   RO         2419    i.GPIO_ReadInputDataBit  stm32f10x_gpio.o
    0x08001398   0x08001398   0x00000004   Code   RO         2422    i.GPIO_ResetBits    stm32f10x_gpio.o
    0x0800139c   0x0800139c   0x00000004   Code   RO         2423    i.GPIO_SetBits      stm32f10x_gpio.o
    0x080013a0   0x080013a0   0x00000004   Code   RO         2425    i.GPIO_Write        stm32f10x_gpio.o
    0x080013a4   0x080013a4   0x0000000a   Code   RO         2426    i.GPIO_WriteBit     stm32f10x_gpio.o
    0x080013ae   0x080013ae   0x00000002   PAD
    0x080013b0   0x080013b0   0x00000034   Code   RO         1160    i.GetADC            temp_light.o
    0x080013e4   0x080013e4   0x00000028   Code   RO         1161    i.GetADC_Time       temp_light.o
    0x0800140c   0x0800140c   0x00000038   Code   RO         1163    i.GetTemp           temp_light.o
    0x08001444   0x08001444   0x0000004c   Code   RO         1313    i.HC595_GpioInit    74hc595.o
    0x08001490   0x08001490   0x00000020   Code   RO         1314    i.HC_InitGpioToOutput  74hc595.o
    0x080014b0   0x080014b0   0x00000020   Code   RO         1605    i.InitGpioToOutput  lcd12864.o
    0x080014d0   0x080014d0   0x0000003a   Code   RO         1236    i.Is_Leap_Year      rtc.o
    0x0800150a   0x0800150a   0x00000002   PAD
    0x0800150c   0x0800150c   0x00000014   Code   RO         1063    i.KEY1              key.o
    0x08001520   0x08001520   0x00000014   Code   RO         1064    i.KEY2              key.o
    0x08001534   0x08001534   0x00000068   Code   RO         1067    i.Key_Scan          key.o
    0x0800159c   0x0800159c   0x00000048   Code   RO          894    i.LF125K_init       lf125k.o
    0x080015e4   0x080015e4   0x00000070   Code   RO         2037    i.NVIC_Init         misc.o
    0x08001654   0x08001654   0x00000014   Code   RO         2038    i.NVIC_PriorityGroupConfig  misc.o
    0x08001668   0x08001668   0x0000000c   Code   RO         2535    i.PWR_BackupAccessCmd  stm32f10x_pwr.o
    0x08001674   0x08001674   0x00000018   Code   RO         2607    i.RCC_ADCCLKConfig  stm32f10x_rcc.o
    0x0800168c   0x0800168c   0x00000020   Code   RO         2609    i.RCC_APB1PeriphClockCmd  stm32f10x_rcc.o
    0x080016ac   0x080016ac   0x00000020   Code   RO         2611    i.RCC_APB2PeriphClockCmd  stm32f10x_rcc.o
    0x080016cc   0x080016cc   0x0000000c   Code   RO         2614    i.RCC_BackupResetCmd  stm32f10x_rcc.o
    0x080016d8   0x080016d8   0x000000d4   Code   RO         2619    i.RCC_GetClocksFreq  stm32f10x_rcc.o
    0x080017ac   0x080017ac   0x0000003c   Code   RO         2620    i.RCC_GetFlagStatus  stm32f10x_rcc.o
    0x080017e8   0x080017e8   0x00000034   Code   RO         2627    i.RCC_LSEConfig     stm32f10x_rcc.o
    0x0800181c   0x0800181c   0x0000000c   Code   RO         2634    i.RCC_RTCCLKCmd     stm32f10x_rcc.o
    0x08001828   0x08001828   0x00000010   Code   RO         2635    i.RCC_RTCCLKConfig  stm32f10x_rcc.o
    0x08001838   0x08001838   0x00000010   Code   RO         2820    i.RTC_ClearITPendingBit  stm32f10x_rtc.o
    0x08001848   0x08001848   0x00000014   Code   RO         2821    i.RTC_EnterConfigMode  stm32f10x_rtc.o
    0x0800185c   0x0800185c   0x00000014   Code   RO         2822    i.RTC_ExitConfigMode  stm32f10x_rtc.o
    0x08001870   0x08001870   0x00000100   Code   RO         1238    i.RTC_Get           rtc.o
    0x08001970   0x08001970   0x00000014   Code   RO         2823    i.RTC_GetCounter    stm32f10x_rtc.o
    0x08001984   0x08001984   0x00000024   Code   RO         2826    i.RTC_GetITStatus   stm32f10x_rtc.o
    0x080019a8   0x080019a8   0x00000078   Code   RO         1239    i.RTC_Get_Week      rtc.o
    0x08001a20   0x08001a20   0x00000160   Code   RO         1240    i.RTC_IRQHandler    rtc.o
    0x08001b80   0x08001b80   0x00000020   Code   RO         2827    i.RTC_ITConfig      stm32f10x_rtc.o
    0x08001ba0   0x08001ba0   0x000000d4   Code   RO         1241    i.RTC_Init          rtc.o
    0x08001c74   0x08001c74   0x00000020   Code   RO         1242    i.RTC_NVIC_Config   rtc.o
    0x08001c94   0x08001c94   0x000000c8   Code   RO         1243    i.RTC_Set           rtc.o
    0x08001d5c   0x08001d5c   0x0000001c   Code   RO         2829    i.RTC_SetCounter    stm32f10x_rtc.o
    0x08001d78   0x08001d78   0x00000020   Code   RO         2830    i.RTC_SetPrescaler  stm32f10x_rtc.o
    0x08001d98   0x08001d98   0x00000014   Code   RO         2831    i.RTC_WaitForLastTask  stm32f10x_rtc.o
    0x08001dac   0x08001dac   0x00000024   Code   RO         2832    i.RTC_WaitForSynchro  stm32f10x_rtc.o
    0x08001dd0   0x08001dd0   0x0000004c   Code   RO          821    i.Relay_Init        realy.o
    0x08001e1c   0x08001e1c   0x0000001c   Code   RO         1435    i.SendAtCmd         hal_wifitocloud.o
    0x08001e38   0x08001e38   0x00000010   Code   RO         1436    i.SendStrLen        hal_wifitocloud.o
    0x08001e48   0x08001e48   0x00000020   Code   RO         1315    i.SetBits           74hc595.o
    0x08001e68   0x08001e68   0x00000008   Code   RO         3680    i.SetSysClock       system_stm32f10x.o
    0x08001e70   0x08001e70   0x000000e0   Code   RO         3681    i.SetSysClockTo72   system_stm32f10x.o
    0x08001f50   0x08001f50   0x00000028   Code   RO         2041    i.SysTick_CLKSourceConfig  misc.o
    0x08001f78   0x08001f78   0x00000060   Code   RO         3683    i.SystemInit        system_stm32f10x.o
    0x08001fd8   0x08001fd8   0x00000070   Code   RO         1164    i.TEMP_LIGHT_Init   temp_light.o
    0x08002048   0x08002048   0x00000038   Code   RO          959    i.TIM6_Init         timer.o
    0x08002080   0x08002080   0x0000007c   Code   RO         1400    i.TIM7_IRQHandler   timer7.o
    0x080020fc   0x080020fc   0x00000060   Code   RO         1401    i.TIM7_Init         timer7.o
    0x0800215c   0x0800215c   0x00000006   Code   RO         2932    i.TIM_ClearITPendingBit  stm32f10x_tim.o
    0x08002162   0x08002162   0x00000018   Code   RO         2937    i.TIM_Cmd           stm32f10x_tim.o
    0x0800217a   0x0800217a   0x00000022   Code   RO         2958    i.TIM_GetITStatus   stm32f10x_tim.o
    0x0800219c   0x0800219c   0x00000012   Code   RO         2962    i.TIM_ITConfig      stm32f10x_tim.o
    0x080021ae   0x080021ae   0x00000002   PAD
    0x080021b0   0x080021b0   0x000000a4   Code   RO         3008    i.TIM_TimeBaseInit  stm32f10x_tim.o
    0x08002254   0x08002254   0x00000060   Code   RO         1557    i.UART4_IRQHandler  uart4.o
    0x080022b4   0x080022b4   0x00000030   Code   RO         1558    i.UART4_SendStrlen  uart4.o
    0x080022e4   0x080022e4   0x0000002c   Code   RO          389    i.UART5_IRQHandler  uart5.o
    0x08002310   0x08002310   0x000000b0   Code   RO          390    i.UART5_Init        uart5.o
    0x080023c0   0x080023c0   0x00000060   Code   RO          283    i.USART1_IRQHandler  usart1.o
    0x08002420   0x08002420   0x00000034   Code   RO          342    i.USART3_IRQHandler  usart3.o
    0x08002454   0x08002454   0x00000018   Code   RO         3485    i.USART_Cmd         stm32f10x_usart.o
    0x0800246c   0x0800246c   0x0000001a   Code   RO         3488    i.USART_GetFlagStatus  stm32f10x_usart.o
    0x08002486   0x08002486   0x00000054   Code   RO         3489    i.USART_GetITStatus  stm32f10x_usart.o
    0x080024da   0x080024da   0x0000004a   Code   RO         3491    i.USART_ITConfig    stm32f10x_usart.o
    0x08002524   0x08002524   0x000000d8   Code   RO         3492    i.USART_Init        stm32f10x_usart.o
    0x080025fc   0x080025fc   0x0000000a   Code   RO         3499    i.USART_ReceiveData  stm32f10x_usart.o
    0x08002606   0x08002606   0x00000008   Code   RO         3502    i.USART_SendData    stm32f10x_usart.o
    0x0800260e   0x0800260e   0x00000002   PAD
    0x08002610   0x08002610   0x000000a8   Code   RO          284    i.Usart1_Init       usart1.o
    0x080026b8   0x080026b8   0x0000000e   Code   RO         3774    i._is_digit         c_w.l(__printf_wp.o)
    0x080026c6   0x080026c6   0x00000004   Code   RO          285    i._sys_exit         usart1.o
    0x080026ca   0x080026ca   0x00000002   PAD
    0x080026cc   0x080026cc   0x00000074   Code   RO         1165    i.calculateResValue  temp_light.o
    0x08002740   0x08002740   0x00000074   Code   RO         1166    i.calculateTemperature  temp_light.o
    0x080027b4   0x080027b4   0x000000c4   Code   RO          697    i.cloud_process     main.o
    0x08002878   0x08002878   0x00000058   Code   RO          698    i.connect_cloud_process  main.o
    0x080028d0   0x080028d0   0x00000044   Code   RO            4    i.delay_init        delay.o
    0x08002914   0x08002914   0x0000004c   Code   RO            5    i.delay_ms          delay.o
    0x08002960   0x08002960   0x0000004c   Code   RO            6    i.delay_us          delay.o
    0x080029ac   0x080029ac   0x000000dc   Code   RO          699    i.digital_tube_process  main.o
    0x08002a88   0x08002a88   0x00000024   Code   RO         1607    i.disableCSx        lcd12864.o
    0x08002aac   0x08002aac   0x00000010   Code   RO         1608    i.disableLCD        lcd12864.o
    0x08002abc   0x08002abc   0x00000038   Code   RO          822    i.door_OFF          realy.o
    0x08002af4   0x08002af4   0x00000034   Code   RO          823    i.door_ON           realy.o
    0x08002b28   0x08002b28   0x00000010   Code   RO         1609    i.enableBL          lcd12864.o
    0x08002b38   0x08002b38   0x00000024   Code   RO         1610    i.enableCSx         lcd12864.o
    0x08002b5c   0x08002b5c   0x00000010   Code   RO         1611    i.enableCmd         lcd12864.o
    0x08002b6c   0x08002b6c   0x00000010   Code   RO         1612    i.enableData        lcd12864.o
    0x08002b7c   0x08002b7c   0x00000010   Code   RO         1613    i.enableLCD         lcd12864.o
    0x08002b8c   0x08002b8c   0x00000010   Code   RO         1614    i.enableRead        lcd12864.o
    0x08002b9c   0x08002b9c   0x00000010   Code   RO         1615    i.enableWrite       lcd12864.o
    0x08002bac   0x08002bac   0x0000001c   Code   RO          286    i.fputc             usart1.o
    0x08002bc8   0x08002bc8   0x000000a8   Code   RO         1317    i.hc595_out_for_int  74hc595.o
    0x08002c70   0x08002c70   0x00000012   Code   RO         1616    i.is_csX            lcd12864.o
    0x08002c82   0x08002c82   0x00000002   PAD
    0x08002c84   0x08002c84   0x0000003c   Code   RO          701    i.key_process       main.o
    0x08002cc0   0x08002cc0   0x00000038   Code   RO          825    i.latern_OFF        realy.o
    0x08002cf8   0x08002cf8   0x00000038   Code   RO          826    i.latern_ON         realy.o
    0x08002d30   0x08002d30   0x0000004a   Code   RO         1618    i.lcd_clr           lcd12864.o
    0x08002d7a   0x08002d7a   0x00000002   PAD
    0x08002d7c   0x08002d7c   0x000000a4   Code   RO         1621    i.lcd_gpio_init     lcd12864.o
    0x08002e20   0x08002e20   0x00000060   Code   RO         1622    i.lcd_init          lcd12864.o
    0x08002e80   0x08002e80   0x00000036   Code   RO         1623    i.lcd_set_dsp_position  lcd12864.o
    0x08002eb6   0x08002eb6   0x00000054   Code   RO         1624    i.lcd_writeLenthChar  lcd12864.o
    0x08002f0a   0x08002f0a   0x00000002   PAD
    0x08002f0c   0x08002f0c   0x0000006c   Code   RO         1625    i.lcd_writeOneChar  lcd12864.o
    0x08002f78   0x08002f78   0x00000064   Code   RO         1626    i.lcd_write_cmd     lcd12864.o
    0x08002fdc   0x08002fdc   0x00000064   Code   RO         1627    i.lcd_write_data    lcd12864.o
    0x08003040   0x08003040   0x00000068   Code   RO         1364    i.led_scan          digital_tube.o
    0x080030a8   0x080030a8   0x00000094   Code   RO          703    i.main              main.o
    0x0800313c   0x0800313c   0x0000003c   Code   RO          704    i.rtc_process       main.o
    0x08003178   0x08003178   0x00000058   Code   RO         1629    i.setDataWrite      lcd12864.o
    0x080031d0   0x080031d0   0x00000028   Code   RO         1365    i.set_led_dispbuf   digital_tube.o
    0x080031f8   0x080031f8   0x000000b0   Code   RO         1559    i.uart4_init        uart4.o
    0x080032a8   0x080032a8   0x00000062   Code   RO         3804    x$fpl$d2f           fz_ws.l(d2f.o)
    0x0800330a   0x0800330a   0x00000002   PAD
    0x0800330c   0x0800330c   0x00000150   Code   RO         3806    x$fpl$dadd          fz_ws.l(daddsub_clz.o)
    0x0800345c   0x0800345c   0x000002b0   Code   RO         3813    x$fpl$ddiv          fz_ws.l(ddiv.o)
    0x0800370c   0x0800370c   0x0000005a   Code   RO         3816    x$fpl$dfixu         fz_ws.l(dfixu.o)
    0x08003766   0x08003766   0x00000026   Code   RO         3820    x$fpl$dfltu         fz_ws.l(dflt_clz.o)
    0x0800378c   0x0800378c   0x00000154   Code   RO         3826    x$fpl$dmul          fz_ws.l(dmul.o)
    0x080038e0   0x080038e0   0x0000009c   Code   RO         3846    x$fpl$dnaninf       fz_ws.l(dnaninf.o)
    0x0800397c   0x0800397c   0x0000000c   Code   RO         3848    x$fpl$dretinf       fz_ws.l(dretinf.o)
    0x08003988   0x08003988   0x00000016   Code   RO         3807    x$fpl$drsb          fz_ws.l(daddsub_clz.o)
    0x0800399e   0x0800399e   0x00000002   PAD
    0x080039a0   0x080039a0   0x000001d4   Code   RO         3808    x$fpl$dsub          fz_ws.l(daddsub_clz.o)
    0x08003b74   0x08003b74   0x00000056   Code   RO         3828    x$fpl$f2d           fz_ws.l(f2d.o)
    0x08003bca   0x08003bca   0x0000008c   Code   RO         3850    x$fpl$fnaninf       fz_ws.l(fnaninf.o)
    0x08003c56   0x08003c56   0x0000000a   Code   RO         3852    x$fpl$fretinf       fz_ws.l(fretinf.o)
    0x08003c60   0x08003c60   0x00000000   Code   RO         3854    x$fpl$usenofp       fz_ws.l(usenofp.o)
    0x08003c60   0x08003c60   0x00000234   Data   RO         1167    .constdata          temp_light.o
    0x08003e94   0x08003e94   0x00000018   Data   RO         1245    .constdata          rtc.o
    0x08003eac   0x08003eac   0x00000028   Data   RO         1366    .constdata          digital_tube.o
    0x08003ed4   0x08003ed4   0x00000011   Data   RO         3777    .constdata          c_w.l(__printf_flags_wp.o)
    0x08003ee5   0x08003ee5   0x00000003   PAD
    0x08003ee8   0x08003ee8   0x00000020   Data   RO         4009    Region$$Table       anon$$obj.o


    Execution Region RW_IRAM1 (Exec base: 0x20000000, Load base: 0x08003f08, Size: 0x00001cc8, Max: 0x00010000, ABSOLUTE, COMPRESSED[0x00000488])

    Exec Addr    Load Addr    Size         Type   Attr      Idx    E Section Name        Object

    0x20000000   COMPRESSED   0x00000004   Data   RW            7    .data               delay.o
    0x20000004   COMPRESSED   0x0000000a   Data   RW          288    .data               usart1.o
    0x2000000e   COMPRESSED   0x00000002   Data   RW          346    .data               usart3.o
    0x20000010   COMPRESSED   0x00000006   Data   RW          705    .data               main.o
    0x20000016   COMPRESSED   0x00000002   Data   RW          828    .data               realy.o
    0x20000018   COMPRESSED   0x00000003   Data   RW         1068    .data               key.o
    0x2000001b   COMPRESSED   0x00000001   Data   RW         1168    .data               temp_light.o
    0x2000001c   COMPRESSED   0x00000002   Data   RW         1246    .data               rtc.o
    0x2000001e   COMPRESSED   0x00000009   Data   RW         1367    .data               digital_tube.o
    0x20000027   COMPRESSED   0x00000003   Data   RW         1561    .data               uart4.o
    0x2000002a   COMPRESSED   0x00000df0   Data   RW         1631    .data               lcd12864.o
    0x20000e1a   COMPRESSED   0x00000014   Data   RW         2639    .data               stm32f10x_rcc.o
    0x20000e2e   COMPRESSED   0x00000002   PAD
    0x20000e30   COMPRESSED   0x00000014   Data   RW         3684    .data               system_stm32f10x.o
    0x20000e44        -       0x00000206   Zero   RW          287    .bss                usart1.o
    0x2000104a        -       0x00000206   Zero   RW          345    .bss                usart3.o
    0x20001250        -       0x00000206   Zero   RW          392    .bss                uart5.o
    0x20001456        -       0x0000000a   Zero   RW         1244    .bss                rtc.o
    0x20001460        -       0x00000206   Zero   RW         1560    .bss                uart4.o
    0x20001666   COMPRESSED   0x00000002   PAD
    0x20001668        -       0x00000060   Zero   RW         3887    .bss                c_w.l(libspace.o)
    0x200016c8        -       0x00000200   Zero   RW         3671    HEAP                startup_stm32f10x_hd.o
    0x200018c8        -       0x00000400   Zero   RW         3670    STACK               startup_stm32f10x_hd.o


==============================================================================

Image component sizes


      Code (inc. data)   RO Data    RW Data    ZI Data      Debug   Object Name

       308         20          0          0          0       3513   74hc595.o
       220         26          0          4          0     264739   delay.o
       144         24         40          9          0       1968   digital_tube.o
       276          0          0          0          0       4311   fifo.o
        44          4          0          0          0       1757   hal_wifitocloud.o
       144         20          0          3          0       2136   key.o
      1102         78          0       3568          0      14466   lcd12864.o
        72          6          0          0          0        486   lf125k.o
       772        188          0          6          0       3439   main.o
       172         22          0          0          0       2565   misc.o
       296        116          0          2          0       2523   realy.o
      1230        144         24          2         10       6282   rtc.o
        64         26        304          0       1536        824   startup_stm32f10x_hd.o
       394         10          0          0          0       9089   stm32f10x_adc.o
        72         10          0          0          0       3192   stm32f10x_bkp.o
       326          0          0          0          0       6138   stm32f10x_gpio.o
        12          6          0          0          0        590   stm32f10x_pwr.o
       452         64          0         20          0       8685   stm32f10x_rcc.o
       260         48          0          0          0       5940   stm32f10x_rtc.o
       246         42          0          0          0       4214   stm32f10x_tim.o
       442          6          0          0          0       6985   stm32f10x_usart.o
       328         28          0         20          0       2493   system_stm32f10x.o
       544         52        564          1          0       5151   temp_light.o
        56          6          0          0          0        468   timer.o
       220         22          0          0          0       1006   timer7.o
       320         38          0          3        518       2631   uart4.o
       220         26          0          0        518       1396   uart5.o
       296         38          0         10        518       4836   usart1.o
        52         14          0          2        518        774   usart3.o
      1880        718          0          0          0       6949   wifitocloud.o

    ----------------------------------------------------------------------
     10982       1802        964       3652       3620     379546   Object Totals
         0          0         32          0          0          0   (incl. Generated)
        18          0          0          2          2          0   (incl. Padding)

    ----------------------------------------------------------------------

      Code (inc. data)   RO Data    RW Data    ZI Data      Debug   Library Member Name

        90          0          0          0          0          0   __dczerorl2.o
         8          0          0          0          0         68   __main.o
       312          4         17          0          0         92   __printf_flags_wp.o
        14          0          0          0          0         68   __printf_wp.o
         0          0          0          0          0          0   __rtentry.o
        12          0          0          0          0          0   __rtentry2.o
         6          0          0          0          0          0   __rtentry4.o
        52          8          0          0          0          0   __scatter.o
        28          0          0          0          0          0   __scatter_zi.o
        44          0          0          0          0        108   _printf_char.o
        48          6          0          0          0         96   _printf_char_common.o
        36          4          0          0          0         80   _printf_char_file.o
         6          0          0          0          0          0   _printf_d.o
       120         16          0          0          0         92   _printf_dec.o
       178          0          0          0          0         88   _printf_intcommon.o
         0          0          0          0          0          0   _printf_percent.o
         4          0          0          0          0          0   _printf_percent_end.o
         6          0          0          0          0          0   _printf_s.o
        82          0          0          0          0         80   _printf_str.o
        10          0          0          0          0         68   _sputc.o
        18          0          0          0          0         80   exit.o
         8          0          0          0          0         68   ferror.o
         6          0          0          0          0        152   heapauxi.o
         2          0          0          0          0          0   libinit.o
         2          0          0          0          0          0   libinit2.o
         2          0          0          0          0          0   libshutdown.o
         2          0          0          0          0          0   libshutdown2.o
         8          4          0          0         96         68   libspace.o
        24          4          0          0          0         84   noretval__2printf.o
        40          6          0          0          0         84   noretval__2sprintf.o
        78          0          0          0          0         80   rt_memclr_w.o
       138          0          0          0          0         68   rt_memcpy_v6.o
       100          0          0          0          0         80   rt_memcpy_w.o
         2          0          0          0          0          0   rtexit.o
        10          0          0          0          0          0   rtexit2.o
        62          0          0          0          0         76   strlen.o
        36          0          0          0          0         80   strstr.o
        74          0          0          0          0         80   sys_stackheap_outer.o
         2          0          0          0          0         68   use_no_semi.o
         2          0          0          0          0         68   use_no_semi_2.o
        98          4          0          0          0         92   d2f.o
       826         16          0          0          0        348   daddsub_clz.o
       688        140          0          0          0        208   ddiv.o
        90          4          0          0          0         92   dfixu.o
        38          0          0          0          0         68   dflt_clz.o
       340         12          0          0          0        104   dmul.o
       156          4          0          0          0         92   dnaninf.o
        12          0          0          0          0         68   dretinf.o
        86          4          0          0          0         84   f2d.o
       140          4          0          0          0         84   fnaninf.o
        10          0          0          0          0         68   fretinf.o
         0          0          0          0          0          0   usenofp.o

    ----------------------------------------------------------------------
      4170        240         20          0         96       3284   Library Totals
        14          0          3          0          0          0   (incl. Padding)

    ----------------------------------------------------------------------

      Code (inc. data)   RO Data    RW Data    ZI Data      Debug   Library Name

      1672         52         17          0         96       1976   c_w.l
      2484        188          0          0          0       1308   fz_ws.l

    ----------------------------------------------------------------------
      4170        240         20          0         96       3284   Library Totals

    ----------------------------------------------------------------------

==============================================================================


      Code (inc. data)   RO Data    RW Data    ZI Data      Debug   

     15152       2042        984       3652       3716     373830   Grand Totals
     15152       2042        984       1160       3716     373830   ELF Image Totals (compressed)
     15152       2042        984       1160          0          0   ROM Totals

==============================================================================

    Total RO  Size (Code + RO Data)                16136 (  15.76kB)
    Total RW  Size (RW Data + ZI Data)              7368 (   7.20kB)
    Total ROM Size (Code + RO Data + RW Data)      17296 (  16.89kB)

==============================================================================

