<html>
<body>
<pre>
<h1>礦ision Build Log</h1>
<h2>Tool Versions:</h2>
IDE-Version: μVision V5.28.0.0
Copyright (C) 2019 ARM Ltd and ARM Germany GmbH. All rights reserved.
License Information: q 1, 1, LIC=76FRA-1FA6G-6QP0X-H9Q7Z-34TUS-NCSYB
 
Tool Versions:
Toolchain:       MDK-ARM Plus  Version: 5.28.0.0
Toolchain Path:  C:\Keil_v5\ARM\ARMCC\Bin
C Compiler:      Armcc.exe V5.06 update 6 (build 750)
Assembler:       Armasm.exe V5.06 update 6 (build 750)
Linker/Locator:  ArmLink.exe V5.06 update 6 (build 750)
Library Manager: ArmAr.exe V5.06 update 6 (build 750)
Hex Converter:   FromElf.exe V5.06 update 6 (build 750)
CPU DLL:         SARMCM3.DLL V5.28.0.0
Dialog DLL:      DCM.DLL V1.17.3.0
Target DLL:      STLink\ST-LINKIII-KEIL_SWO.dll V3.0.6.0
Dialog DLL:      TCM.DLL V1.36.2.0
 
<h2>Project:</h2>
Z:\newlab-stm32-driver\实战演练项目\03_嵌入式代码\test1\test1.uvprojx
Project File Date:  10/07/2019

<h2>Output:</h2>
*** Using Compiler 'V5.06 update 6 (build 750)', folder: 'C:\Keil_v5\ARM\ARMCC\Bin'
Build target 'TEST1'
compiling main.c...
.\USER\INC\relay.h(16): warning:  #1295-D: Deprecated declaration latern_ON - give arg types
  void latern_ON();
.\USER\INC\relay.h(17): warning:  #1295-D: Deprecated declaration latern_OFF - give arg types
  void latern_OFF();
.\USER\INC\temp_light.h(14): warning:  #1295-D: Deprecated declaration GetLight - give arg types
  uint8_t GetLight();
USER\main.c(22): warning:  #1295-D: Deprecated declaration connect_cloud_process - give arg types
  void connect_cloud_process();
USER\main.c(23): warning:  #1295-D: Deprecated declaration lcd_display_process - give arg types
  void lcd_display_process();
USER\main.c(24): warning:  #1295-D: Deprecated declaration digital_tube_process - give arg types
  void digital_tube_process();
USER\main.c(25): warning:  #1295-D: Deprecated declaration rtc_process - give arg types
  void rtc_process();
USER\main.c(26): warning:  #1295-D: Deprecated declaration door_process - give arg types
  void door_process();
USER\main.c(29): warning:  #177-D: variable "temp"  was declared but never referenced
  	Byte temp[20];
USER\main.c: 9 warnings, 0 errors
compiling rtc.c...
.\USER\INC\temp_light.h(14): warning:  #1295-D: Deprecated declaration GetLight - give arg types
  uint8_t GetLight();
.\USER\INC\relay.h(16): warning:  #1295-D: Deprecated declaration latern_ON - give arg types
  void latern_ON();
.\USER\INC\relay.h(17): warning:  #1295-D: Deprecated declaration latern_OFF - give arg types
  void latern_OFF();
USER\SRC\rtc.c(97): warning:  #177-D: variable "date"  was declared but never referenced
  	uint8_t date[8];
USER\SRC\rtc.c: 4 warnings, 0 errors
linking...
Program Size: Code=12956 RO-data=984 RW-data=3648 ZI-data=2936  
".\Objects\test1.axf" - 0 Error(s), 13 Warning(s).

<h2>Software Packages used:</h2>

Package Vendor: ARM
                http://www.keil.com/pack/ARM.CMSIS.5.5.1.pack
                ARM.CMSIS.5.5.1
                CMSIS (Cortex Microcontroller Software Interface Standard)
   * Component: CORE Version: 5.2.0

Package Vendor: Keil
                http://www.keil.com/pack/Keil.STM32F1xx_DFP.2.3.0.pack
                Keil.STM32F1xx_DFP.2.3.0
                STMicroelectronics STM32F1 Series Device Support, Drivers and Examples
   * Component: Startup Version: 1.0.0
   * Component: ADC Version: 3.5.0
   * Component: BKP Version: 3.5.0
   * Component: Framework Version: 3.5.1
   * Component: GPIO Version: 3.5.0
   * Component: PWR Version: 3.5.0
   * Component: RCC Version: 3.5.0
   * Component: RTC Version: 3.5.0
   * Component: TIM Version: 3.5.0
   * Component: USART Version: 3.5.0

<h2>Collection of Component include folders:</h2>
  .\RTE\Device\STM32F103VE
  .\RTE\_TEST1
  C:\Users\nieaowei\AppData\Local\Arm\Packs\ARM\CMSIS\5.5.1\CMSIS\Core\Include
  C:\Users\nieaowei\AppData\Local\Arm\Packs\Keil\STM32F1xx_DFP\2.3.0\Device\Include
  C:\Users\nieaowei\AppData\Local\Arm\Packs\Keil\STM32F1xx_DFP\2.3.0\Device\StdPeriph_Driver\inc

<h2>Collection of Component Files used:</h2>

   * Component: ARM::CMSIS:CORE:5.2.0

   * Component: Keil::Device:Startup:1.0.0
      Source file:   Device\Source\ARM\startup_stm32f10x_hd.s
      Source file:   Device\Source\system_stm32f10x.c
      Include file:  RTE_Driver\Config\RTE_Device.h
      Source file:   Device\Source\ARM\STM32F1xx_OPT.s

   * Component: Keil::Device:StdPeriph Drivers:ADC:3.5.0
      Include file:  Device\StdPeriph_Driver\inc\stm32f10x_adc.h
      Source file:   Device\StdPeriph_Driver\src\stm32f10x_adc.c

   * Component: Keil::Device:StdPeriph Drivers:BKP:3.5.0
      Source file:   Device\StdPeriph_Driver\src\stm32f10x_bkp.c
      Include file:  Device\StdPeriph_Driver\inc\stm32f10x_bkp.h

   * Component: Keil::Device:StdPeriph Drivers:Framework:3.5.1
      Source file:   Device\StdPeriph_Driver\templates\stm32f10x_it.c
      Include file:  Device\StdPeriph_Driver\templates\stm32f10x_it.h
      Source file:   Device\StdPeriph_Driver\templates\stm32f10x_conf.h
      Include file:  Device\StdPeriph_Driver\inc\misc.h
      Source file:   Device\StdPeriph_Driver\src\misc.c

   * Component: Keil::Device:StdPeriph Drivers:GPIO:3.5.0
      Include file:  Device\StdPeriph_Driver\inc\stm32f10x_gpio.h
      Source file:   Device\StdPeriph_Driver\src\stm32f10x_gpio.c

   * Component: Keil::Device:StdPeriph Drivers:PWR:3.5.0
      Include file:  Device\StdPeriph_Driver\inc\stm32f10x_pwr.h
      Source file:   Device\StdPeriph_Driver\src\stm32f10x_pwr.c

   * Component: Keil::Device:StdPeriph Drivers:RCC:3.5.0
      Source file:   Device\StdPeriph_Driver\src\stm32f10x_rcc.c
      Include file:  Device\StdPeriph_Driver\inc\stm32f10x_rcc.h

   * Component: Keil::Device:StdPeriph Drivers:RTC:3.5.0
      Source file:   Device\StdPeriph_Driver\src\stm32f10x_rtc.c
      Include file:  Device\StdPeriph_Driver\inc\stm32f10x_rtc.h

   * Component: Keil::Device:StdPeriph Drivers:TIM:3.5.0
      Include file:  Device\StdPeriph_Driver\inc\stm32f10x_tim.h
      Source file:   Device\StdPeriph_Driver\src\stm32f10x_tim.c

   * Component: Keil::Device:StdPeriph Drivers:USART:3.5.0
      Include file:  Device\StdPeriph_Driver\inc\stm32f10x_usart.h
      Source file:   Device\StdPeriph_Driver\src\stm32f10x_usart.c
Build Time Elapsed:  00:00:01
</pre>
</body>
</html>
